[0.007s] Invoking command in '/home/cyberkanjousen/CLionProjects/ROS2_1/build/cpp_pubsub': DEBUGINFOD_URLS=https://debuginfod.ubuntu.com /usr/bin/cmake /home/cyberkanjousen/CLionProjects/ROS2_1/src/cpp_pubsub -DCMAKE_EXPORT_COMPILE_COMMANDS=ON -G Ninja -DCMAKE_INSTALL_PREFIX=/home/cyberkanjousen/CLionProjects/ROS2_1/install/cpp_pubsub
[0.071s] -- The C compiler identification is GNU 13.3.0
[0.129s] -- The CXX compiler identification is GNU 13.3.0
[0.153s] -- Detecting C compiler ABI info
[0.221s] -- Detecting C compiler ABI info - done
[0.227s] -- Check for working C compiler: /usr/bin/cc - skipped
[0.227s] -- Detecting C compile features
[0.227s] -- Detecting C compile features - done
[0.238s] -- Detecting CXX compiler ABI info
[0.335s] -- Detecting CXX compiler ABI info - done
[0.342s] -- Check for working CXX compiler: /usr/bin/c++ - skipped
[0.342s] -- Detecting CXX compile features
[0.343s] -- Detecting CXX compile features - done
[0.350s] -- Configuring incomplete, errors occurred!
[0.350s] [31mCMake Error at CMakeLists.txt:14 (find_package):
[0.350s]   By not providing "Findrclcpp.cmake" in CMAKE_MODULE_PATH this project has
[0.350s]   asked CMake to find a package configuration file provided by "rclcpp", but
[0.350s]   CMake did not find one.
[0.350s] 
[0.350s]   Could not find a package configuration file provided by "rclcpp" with any
[0.350s]   of the following names:
[0.350s] 
[0.350s]     rclcppConfig.cmake
[0.350s]     rclcpp-config.cmake
[0.350s] 
[0.350s]   Add the installation prefix of "rclcpp" to CMAKE_PREFIX_PATH or set
[0.350s]   "rclcpp_DIR" to a directory containing one of the above files.  If "rclcpp"
[0.350s]   provides a separate development package or SDK, be sure it has been
[0.350s]   installed.
[0.350s] 
[0.350s] [0m
[0.352s] Invoked command in '/home/cyberkanjousen/CLionProjects/ROS2_1/build/cpp_pubsub' returned '1': DEBUGINFOD_URLS=https://debuginfod.ubuntu.com /usr/bin/cmake /home/cyberkanjousen/CLionProjects/ROS2_1/src/cpp_pubsub -DCMAKE_EXPORT_COMPILE_COMMANDS=ON -G Ninja -DCMAKE_INSTALL_PREFIX=/home/cyberkanjousen/CLionProjects/ROS2_1/install/cpp_pubsub
