[0.005s] Invoking command in '/home/cyberkanjousen/CLionProjects/ROS2_1/build/cpp_pubsub': DEBUGINFOD_URLS=https://debuginfod.ubuntu.com /usr/bin/cmake /home/cyberkanjousen/CLionProjects/ROS2_1/src/cpp_pubsub -DCMAKE_EXPORT_COMPILE_COMMANDS=ON -G Ninja -DCMAKE_INSTALL_PREFIX=/home/cyberkanjousen/CLionProjects/ROS2_1/install/cpp_pubsub
[0.082s] -- The C compiler identification is GNU 13.3.0
[0.141s] -- The CXX compiler identification is GNU 13.3.0
[0.164s] -- Detecting C compiler ABI info
[0.256s] -- Detecting C compiler ABI info - done
[0.268s] -- Check for working C compiler: /usr/bin/cc - skipped
[0.269s] -- Detecting C compile features
[0.269s] -- Detecting C compile features - done
[0.283s] -- Detecting CXX compiler ABI info
[0.368s] -- Detecting CXX compiler ABI info - done
[0.374s] -- Check for working CXX compiler: /usr/bin/c++ - skipped
[0.375s] -- Detecting CXX compile features
[0.375s] -- Detecting CXX compile features - done
[0.384s] [31mCMake Error at CMakeLists.txt:13 (find_package):
[0.384s]   By not providing "Findament_cmake.cmake" in CMAKE_MODULE_PATH this project
[0.384s]   has asked CMake to find a package configuration file provided by
[0.384s]   "ament_cmake", but CMake did not find one.
[0.384s] 
[0.384s]   Could not find a package configuration file provided by "ament_cmake" with
[0.384s]   any of the following names:
[0.384s] 
[0.384s]     ament_cmakeConfig.cmake
[0.384s]     ament_cmake-config.cmake
[0.384s] 
[0.384s]   Add the installation prefix of "ament_cmake" to CMAKE_PREFIX_PATH or set
[0.384s]   "ament_cmake_DIR" to a directory containing one of the above files.  If
[0.384s]   "ament_cmake" provides a separate development package or SDK, be sure it
[0.384s]   has been installed.
[0.384s] 
[0.384s] [0m
[0.384s] -- Configuring incomplete, errors occurred!
[0.387s] Invoked command in '/home/cyberkanjousen/CLionProjects/ROS2_1/build/cpp_pubsub' returned '1': DEBUGINFOD_URLS=https://debuginfod.ubuntu.com /usr/bin/cmake /home/cyberkanjousen/CLionProjects/ROS2_1/src/cpp_pubsub -DCMAKE_EXPORT_COMPILE_COMMANDS=ON -G Ninja -DCMAKE_INSTALL_PREFIX=/home/cyberkanjousen/CLionProjects/ROS2_1/install/cpp_pubsub
