[0.011s] Invoking command in '/home/cyberkanjousen/CLionProjects/ROS2_1/build/sensor_robot': CMAKE_PREFIX_PATH=${CMAKE_PREFIX_PATH}:/opt/ros/jazzy DEBUGINFOD_URLS=https://debuginfod.ubuntu.com /usr/bin/cmake /home/cyberkanjousen/CLionProjects/ROS2_1/src/sensor_robot -DCMAKE_EXPORT_COMPILE_COMMANDS=ON -G Ninja -DCMAKE_INSTALL_PREFIX=/home/cyberkanjousen/CLionProjects/ROS2_1/install/sensor_robot
[0.055s] -- The C compiler identification is GNU 13.3.0
[0.097s] -- The CXX compiler identification is GNU 13.3.0
[0.114s] -- Detecting C compiler ABI info
[0.170s] -- Detecting C compiler ABI info - done
[0.177s] -- Check for working C compiler: /usr/bin/cc - skipped
[0.177s] -- Detecting C compile features
[0.177s] -- Detecting C compile features - done
[0.187s] -- Detecting CXX compiler ABI info
[0.249s] -- Detecting CXX compiler ABI info - done
[0.255s] -- Check for working CXX compiler: /usr/bin/c++ - skipped
[0.255s] -- Detecting CXX compile features
[0.256s] -- Detecting CXX compile features - done
[0.257s] -- Found ament_cmake: 2.5.4 (/opt/ros/jazzy/share/ament_cmake/cmake)
[0.372s] -- Found Python3: /usr/bin/python3 (found version "3.12.3") found components: Interpreter 
[0.527s] -- Found Protobuf: /usr/lib/x86_64-linux-gnu/libprotobuf.so (found version "3.21.12") 
[0.693s] -- Found ament_lint_auto: 0.17.3 (/opt/ros/jazzy/share/ament_lint_auto/cmake)
[0.770s] -- Added test 'cppcheck' to perform static code analysis on C / C++ code
[0.770s] -- Configured cppcheck include dirs: 
[0.770s] -- Configured cppcheck exclude dirs and/or files: 
[0.770s] -- Added test 'lint_cmake' to check CMake code style
[0.771s] -- Added test 'uncrustify' to check C / C++ code style
[0.771s] -- Configured uncrustify additional arguments: 
[0.771s] -- Added test 'xmllint' to check XML markup files
[0.772s] -- Configuring done (0.8s)
[0.775s] -- Generating done (0.0s)
[0.783s] -- Build files have been written to: /home/cyberkanjousen/CLionProjects/ROS2_1/build/sensor_robot
[0.789s] Invoked command in '/home/cyberkanjousen/CLionProjects/ROS2_1/build/sensor_robot' returned '0': CMAKE_PREFIX_PATH=${CMAKE_PREFIX_PATH}:/opt/ros/jazzy DEBUGINFOD_URLS=https://debuginfod.ubuntu.com /usr/bin/cmake /home/cyberkanjousen/CLionProjects/ROS2_1/src/sensor_robot -DCMAKE_EXPORT_COMPILE_COMMANDS=ON -G Ninja -DCMAKE_INSTALL_PREFIX=/home/cyberkanjousen/CLionProjects/ROS2_1/install/sensor_robot
[0.790s] Invoking command in '/home/cyberkanjousen/CLionProjects/ROS2_1/build/sensor_robot': CMAKE_PREFIX_PATH=${CMAKE_PREFIX_PATH}:/opt/ros/jazzy DEBUGINFOD_URLS=https://debuginfod.ubuntu.com /usr/bin/cmake --build /home/cyberkanjousen/CLionProjects/ROS2_1/build/sensor_robot -- -j32 -l32
[0.801s] 
[1.662s] [0/2] Building CXX object CMakeFiles/avoid_wall.dir/src/AvoidWall.cpp.o[K
[1.662s] [1/2] Building CXX object CMakeFiles/avoid_wall.dir/src/AvoidWall.cpp.o[K
[1.662s] /home/cyberkanjousen/CLionProjects/ROS2_1/src/sensor_robot/src/AvoidWall.cpp: In function ‘int main(int, char**)’:
[1.662s] /home/cyberkanjousen/CLionProjects/ROS2_1/src/sensor_robot/src/AvoidWall.cpp:40:14: warning: unused parameter ‘argc’ [-Wunused-parameter]
[1.662s]    40 | int main(int argc, char **argv)
[1.662s]       |          ~~~~^~~~
[1.662s] /home/cyberkanjousen/CLionProjects/ROS2_1/src/sensor_robot/src/AvoidWall.cpp:40:27: warning: unused parameter ‘argv’ [-Wunused-parameter]
[1.662s]    40 | int main(int argc, char **argv)
[1.663s]       |                    ~~~~~~~^~~~
[1.663s] 
[1.731s] [1/2] Linking CXX executable avoid_wall[K
[1.731s] [2/2] Linking CXX executable avoid_wall[K
[1.733s] Invoked command in '/home/cyberkanjousen/CLionProjects/ROS2_1/build/sensor_robot' returned '0': CMAKE_PREFIX_PATH=${CMAKE_PREFIX_PATH}:/opt/ros/jazzy DEBUGINFOD_URLS=https://debuginfod.ubuntu.com /usr/bin/cmake --build /home/cyberkanjousen/CLionProjects/ROS2_1/build/sensor_robot -- -j32 -l32
[1.744s] Invoking command in '/home/cyberkanjousen/CLionProjects/ROS2_1/build/sensor_robot': CMAKE_PREFIX_PATH=${CMAKE_PREFIX_PATH}:/opt/ros/jazzy DEBUGINFOD_URLS=https://debuginfod.ubuntu.com /usr/bin/cmake --install /home/cyberkanjousen/CLionProjects/ROS2_1/build/sensor_robot
[1.751s] -- Install configuration: ""
[1.752s] -- Installing: /home/cyberkanjousen/CLionProjects/ROS2_1/install/sensor_robot/share/ament_index/resource_index/package_run_dependencies/sensor_robot
[1.752s] -- Installing: /home/cyberkanjousen/CLionProjects/ROS2_1/install/sensor_robot/share/ament_index/resource_index/parent_prefix_path/sensor_robot
[1.752s] -- Up-to-date: /home/cyberkanjousen/CLionProjects/ROS2_1/install/sensor_robot/share/sensor_robot/environment/ament_prefix_path.sh
[1.752s] -- Installing: /home/cyberkanjousen/CLionProjects/ROS2_1/install/sensor_robot/share/sensor_robot/environment/ament_prefix_path.dsv
[1.752s] -- Up-to-date: /home/cyberkanjousen/CLionProjects/ROS2_1/install/sensor_robot/share/sensor_robot/environment/path.sh
[1.752s] -- Installing: /home/cyberkanjousen/CLionProjects/ROS2_1/install/sensor_robot/share/sensor_robot/environment/path.dsv
[1.752s] -- Installing: /home/cyberkanjousen/CLionProjects/ROS2_1/install/sensor_robot/share/sensor_robot/local_setup.bash
[1.752s] -- Installing: /home/cyberkanjousen/CLionProjects/ROS2_1/install/sensor_robot/share/sensor_robot/local_setup.sh
[1.753s] -- Installing: /home/cyberkanjousen/CLionProjects/ROS2_1/install/sensor_robot/share/sensor_robot/local_setup.zsh
[1.753s] -- Installing: /home/cyberkanjousen/CLionProjects/ROS2_1/install/sensor_robot/share/sensor_robot/local_setup.dsv
[1.753s] -- Installing: /home/cyberkanjousen/CLionProjects/ROS2_1/install/sensor_robot/share/sensor_robot/package.dsv
[1.753s] -- Installing: /home/cyberkanjousen/CLionProjects/ROS2_1/install/sensor_robot/share/ament_index/resource_index/packages/sensor_robot
[1.753s] -- Installing: /home/cyberkanjousen/CLionProjects/ROS2_1/install/sensor_robot/share/sensor_robot/cmake/sensor_robotConfig.cmake
[1.753s] -- Installing: /home/cyberkanjousen/CLionProjects/ROS2_1/install/sensor_robot/share/sensor_robot/cmake/sensor_robotConfig-version.cmake
[1.754s] -- Up-to-date: /home/cyberkanjousen/CLionProjects/ROS2_1/install/sensor_robot/share/sensor_robot/package.xml
[1.755s] Invoked command in '/home/cyberkanjousen/CLionProjects/ROS2_1/build/sensor_robot' returned '0': CMAKE_PREFIX_PATH=${CMAKE_PREFIX_PATH}:/opt/ros/jazzy DEBUGINFOD_URLS=https://debuginfod.ubuntu.com /usr/bin/cmake --install /home/cyberkanjousen/CLionProjects/ROS2_1/build/sensor_robot
