[0.018s] Invoking command in '/home/cyberkanjousen/CLionProjects/ROS2_1/build/gz_transport_vendor': CMAKE_PREFIX_PATH=${CMAKE_PREFIX_PATH}:/opt/ros/jazzy DEBUGINFOD_URLS=https://debuginfod.ubuntu.com /usr/bin/cmake /home/cyberkanjousen/CLionProjects/ROS2_1/src/gz_transport_vendor-jazzy -DCMAKE_EXPORT_COMPILE_COMMANDS=ON -G Ninja -DCMAKE_INSTALL_PREFIX=/home/cyberkanjousen/CLionProjects/ROS2_1/install/gz_transport_vendor
[0.066s] -- The C compiler identification is GNU 13.3.0
[0.107s] -- The CXX compiler identification is GNU 13.3.0
[0.124s] -- Detecting C compiler ABI info
[0.170s] -- Detecting C compiler ABI info - done
[0.175s] -- Check for working C compiler: /usr/bin/cc - skipped
[0.176s] -- Detecting C compile features
[0.176s] -- Detecting C compile features - done
[0.186s] -- Detecting CXX compiler ABI info
[0.243s] -- Detecting CXX compiler ABI info - done
[0.250s] -- Check for working CXX compiler: /usr/bin/c++ - skipped
[0.250s] -- Detecting CXX compile features
[0.250s] -- Detecting CXX compile features - done
[0.252s] -- Found ament_cmake_core: 2.5.4 (/opt/ros/jazzy/share/ament_cmake_core/cmake)
[0.361s] -- Found Python3: /usr/bin/python3 (found version "3.12.3") found components: Interpreter 
[0.420s] [31mCMake Error at CMakeLists.txt:31 (find_package):
[0.421s]   By not providing "Findament_cmake_vendor_package.cmake" in
[0.421s]   CMAKE_MODULE_PATH this project has asked CMake to find a package
[0.421s]   configuration file provided by "ament_cmake_vendor_package", but CMake did
[0.421s]   not find one.
[0.421s] 
[0.421s]   Could not find a package configuration file provided by
[0.421s]   "ament_cmake_vendor_package" with any of the following names:
[0.421s] 
[0.421s]     ament_cmake_vendor_packageConfig.cmake
[0.421s]     ament_cmake_vendor_package-config.cmake
[0.421s] 
[0.421s]   Add the installation prefix of "ament_cmake_vendor_package" to
[0.422s]   CMAKE_PREFIX_PATH or set "ament_cmake_vendor_package_DIR" to a directory
[0.422s]   containing one of the above files.  If "ament_cmake_vendor_package"
[0.422s]   provides a separate development package or SDK, be sure it has been
[0.422s]   installed.
[0.422s] 
[0.422s] [0m
[0.422s] -- Configuring incomplete, errors occurred!
[0.424s] Invoked command in '/home/cyberkanjousen/CLionProjects/ROS2_1/build/gz_transport_vendor' returned '1': CMAKE_PREFIX_PATH=${CMAKE_PREFIX_PATH}:/opt/ros/jazzy DEBUGINFOD_URLS=https://debuginfod.ubuntu.com /usr/bin/cmake /home/cyberkanjousen/CLionProjects/ROS2_1/src/gz_transport_vendor-jazzy -DCMAKE_EXPORT_COMPILE_COMMANDS=ON -G Ninja -DCMAKE_INSTALL_PREFIX=/home/cyberkanjousen/CLionProjects/ROS2_1/install/gz_transport_vendor
