[0.014s] Invoking command in '/home/cyberkanjousen/CLionProjects/ROS2_1/build/sensor_robot': CMAKE_PREFIX_PATH=${CMAKE_PREFIX_PATH}:/opt/ros/jazzy DEBUGINFOD_URLS=https://debuginfod.ubuntu.com /usr/bin/cmake --build /home/cyberkanjousen/CLionProjects/ROS2_1/build/sensor_robot -- -j32 -l32
[0.024s] ninja: no work to do.
[0.035s] Invoked command in '/home/cyberkanjousen/CLionProjects/ROS2_1/build/sensor_robot' returned '0': CMAKE_PREFIX_PATH=${CMAKE_PREFIX_PATH}:/opt/ros/jazzy DEBUGINFOD_URLS=https://debuginfod.ubuntu.com /usr/bin/cmake --build /home/cyberkanjousen/CLionProjects/ROS2_1/build/sensor_robot -- -j32 -l32
[0.036s] Invoking command in '/home/cyberkanjousen/CLionProjects/ROS2_1/build/sensor_robot': CMAKE_PREFIX_PATH=${CMAKE_PREFIX_PATH}:/opt/ros/jazzy DEBUGINFOD_URLS=https://debuginfod.ubuntu.com /usr/bin/cmake --install /home/cyberkanjousen/CLionProjects/ROS2_1/build/sensor_robot
[0.043s] -- Install configuration: ""
[0.043s] -- Up-to-date: /home/cyberkanjousen/CLionProjects/ROS2_1/install/sensor_robot/share/ament_index/resource_index/package_run_dependencies/sensor_robot
[0.043s] -- Up-to-date: /home/cyberkanjousen/CLionProjects/ROS2_1/install/sensor_robot/share/ament_index/resource_index/parent_prefix_path/sensor_robot
[0.044s] -- Up-to-date: /home/cyberkanjousen/CLionProjects/ROS2_1/install/sensor_robot/share/sensor_robot/environment/ament_prefix_path.sh
[0.044s] -- Up-to-date: /home/cyberkanjousen/CLionProjects/ROS2_1/install/sensor_robot/share/sensor_robot/environment/ament_prefix_path.dsv
[0.045s] -- Up-to-date: /home/cyberkanjousen/CLionProjects/ROS2_1/install/sensor_robot/share/sensor_robot/environment/path.sh
[0.045s] -- Up-to-date: /home/cyberkanjousen/CLionProjects/ROS2_1/install/sensor_robot/share/sensor_robot/environment/path.dsv
[0.045s] -- Up-to-date: /home/cyberkanjousen/CLionProjects/ROS2_1/install/sensor_robot/share/sensor_robot/local_setup.bash
[0.045s] -- Up-to-date: /home/cyberkanjousen/CLionProjects/ROS2_1/install/sensor_robot/share/sensor_robot/local_setup.sh
[0.045s] -- Up-to-date: /home/cyberkanjousen/CLionProjects/ROS2_1/install/sensor_robot/share/sensor_robot/local_setup.zsh
[0.045s] -- Up-to-date: /home/cyberkanjousen/CLionProjects/ROS2_1/install/sensor_robot/share/sensor_robot/local_setup.dsv
[0.046s] -- Installing: /home/cyberkanjousen/CLionProjects/ROS2_1/install/sensor_robot/share/sensor_robot/package.dsv
[0.046s] -- Up-to-date: /home/cyberkanjousen/CLionProjects/ROS2_1/install/sensor_robot/share/ament_index/resource_index/packages/sensor_robot
[0.046s] -- Up-to-date: /home/cyberkanjousen/CLionProjects/ROS2_1/install/sensor_robot/share/sensor_robot/cmake/sensor_robotConfig.cmake
[0.046s] -- Up-to-date: /home/cyberkanjousen/CLionProjects/ROS2_1/install/sensor_robot/share/sensor_robot/cmake/sensor_robotConfig-version.cmake
[0.046s] -- Up-to-date: /home/cyberkanjousen/CLionProjects/ROS2_1/install/sensor_robot/share/sensor_robot/package.xml
[0.075s] Invoked command in '/home/cyberkanjousen/CLionProjects/ROS2_1/build/sensor_robot' returned '0': CMAKE_PREFIX_PATH=${CMAKE_PREFIX_PATH}:/opt/ros/jazzy DEBUGINFOD_URLS=https://debuginfod.ubuntu.com /usr/bin/cmake --install /home/cyberkanjousen/CLionProjects/ROS2_1/build/sensor_robot
