[0.013s] Invoking command in '/home/cyberkanjousen/CLionProjects/ROS2_1/build/sensor_robot': CMAKE_PREFIX_PATH=${CMAKE_PREFIX_PATH}:/opt/ros/jazzy DEBUGINFOD_URLS=https://debuginfod.ubuntu.com /usr/bin/cmake --build /home/cyberkanjousen/CLionProjects/ROS2_1/build/sensor_robot -- -j32 -l32
[0.024s] 
[0.024s] [0/1] Re-running CMake...[K
[0.039s] -- Found ament_cmake: 2.5.4 (/opt/ros/jazzy/share/ament_cmake/cmake)
[0.392s] -- Found ament_lint_auto: 0.17.3 (/opt/ros/jazzy/share/ament_lint_auto/cmake)
[0.468s] -- Added test 'cppcheck' to perform static code analysis on C / C++ code
[0.468s] -- Configured cppcheck include dirs: 
[0.468s] -- Configured cppcheck exclude dirs and/or files: 
[0.468s] -- Added test 'lint_cmake' to check CMake code style
[0.469s] -- Added test 'uncrustify' to check C / C++ code style
[0.469s] -- Configured uncrustify additional arguments: 
[0.469s] -- Added test 'xmllint' to check XML markup files
[0.469s] -- Configuring done (0.4s)
[0.473s] -- Generating done (0.0s)
[0.477s] -- Build files have been written to: /home/cyberkanjousen/CLionProjects/ROS2_1/build/sensor_robot
[0.483s] 
[1.455s] [0/2] Building CXX object CMakeFiles/avoid_wall.dir/src/AvoidWall.cpp.o[K
[1.455s] [1/2] Building CXX object CMakeFiles/avoid_wall.dir/src/AvoidWall.cpp.o[K
[1.455s] /home/cyberkanjousen/CLionProjects/ROS2_1/src/sensor_robot/src/AvoidWall.cpp: In function ‘int main(int, char**)’:
[1.455s] /home/cyberkanjousen/CLionProjects/ROS2_1/src/sensor_robot/src/AvoidWall.cpp:40:14: warning: unused parameter ‘argc’ [-Wunused-parameter]
[1.456s]    40 | int main(int argc, char **argv)
[1.456s]       |          ~~~~^~~~
[1.456s] /home/cyberkanjousen/CLionProjects/ROS2_1/src/sensor_robot/src/AvoidWall.cpp:40:27: warning: unused parameter ‘argv’ [-Wunused-parameter]
[1.456s]    40 | int main(int argc, char **argv)
[1.456s]       |                    ~~~~~~~^~~~
[1.456s] 
[1.533s] [1/2] Linking CXX executable avoid_wall[K
[1.533s] [2/2] Linking CXX executable avoid_wall[K
[1.535s] Invoked command in '/home/cyberkanjousen/CLionProjects/ROS2_1/build/sensor_robot' returned '0': CMAKE_PREFIX_PATH=${CMAKE_PREFIX_PATH}:/opt/ros/jazzy DEBUGINFOD_URLS=https://debuginfod.ubuntu.com /usr/bin/cmake --build /home/cyberkanjousen/CLionProjects/ROS2_1/build/sensor_robot -- -j32 -l32
[1.536s] Invoking command in '/home/cyberkanjousen/CLionProjects/ROS2_1/build/sensor_robot': CMAKE_PREFIX_PATH=${CMAKE_PREFIX_PATH}:/opt/ros/jazzy DEBUGINFOD_URLS=https://debuginfod.ubuntu.com /usr/bin/cmake --install /home/cyberkanjousen/CLionProjects/ROS2_1/build/sensor_robot
[1.544s] -- Install configuration: ""
[1.544s] -- Installing: /home/cyberkanjousen/CLionProjects/ROS2_1/install/sensor_robot/share/ament_index/resource_index/package_run_dependencies/sensor_robot
[1.544s] -- Installing: /home/cyberkanjousen/CLionProjects/ROS2_1/install/sensor_robot/share/ament_index/resource_index/parent_prefix_path/sensor_robot
[1.544s] -- Installing: /home/cyberkanjousen/CLionProjects/ROS2_1/install/sensor_robot/share/sensor_robot/environment/ament_prefix_path.sh
[1.545s] -- Installing: /home/cyberkanjousen/CLionProjects/ROS2_1/install/sensor_robot/share/sensor_robot/environment/ament_prefix_path.dsv
[1.545s] -- Installing: /home/cyberkanjousen/CLionProjects/ROS2_1/install/sensor_robot/share/sensor_robot/environment/path.sh
[1.545s] -- Installing: /home/cyberkanjousen/CLionProjects/ROS2_1/install/sensor_robot/share/sensor_robot/environment/path.dsv
[1.545s] -- Installing: /home/cyberkanjousen/CLionProjects/ROS2_1/install/sensor_robot/share/sensor_robot/local_setup.bash
[1.545s] -- Installing: /home/cyberkanjousen/CLionProjects/ROS2_1/install/sensor_robot/share/sensor_robot/local_setup.sh
[1.545s] -- Installing: /home/cyberkanjousen/CLionProjects/ROS2_1/install/sensor_robot/share/sensor_robot/local_setup.zsh
[1.545s] -- Installing: /home/cyberkanjousen/CLionProjects/ROS2_1/install/sensor_robot/share/sensor_robot/local_setup.dsv
[1.545s] -- Installing: /home/cyberkanjousen/CLionProjects/ROS2_1/install/sensor_robot/share/sensor_robot/package.dsv
[1.545s] -- Installing: /home/cyberkanjousen/CLionProjects/ROS2_1/install/sensor_robot/share/ament_index/resource_index/packages/sensor_robot
[1.546s] -- Installing: /home/cyberkanjousen/CLionProjects/ROS2_1/install/sensor_robot/share/sensor_robot/cmake/sensor_robotConfig.cmake
[1.546s] -- Installing: /home/cyberkanjousen/CLionProjects/ROS2_1/install/sensor_robot/share/sensor_robot/cmake/sensor_robotConfig-version.cmake
[1.546s] -- Installing: /home/cyberkanjousen/CLionProjects/ROS2_1/install/sensor_robot/share/sensor_robot/package.xml
[1.547s] Invoked command in '/home/cyberkanjousen/CLionProjects/ROS2_1/build/sensor_robot' returned '0': CMAKE_PREFIX_PATH=${CMAKE_PREFIX_PATH}:/opt/ros/jazzy DEBUGINFOD_URLS=https://debuginfod.ubuntu.com /usr/bin/cmake --install /home/cyberkanjousen/CLionProjects/ROS2_1/build/sensor_robot
