[0.008s] Invoking command in '/home/cyberkanjousen/CLionProjects/ROS2_1/build/cpp_pubsub': DEBUGINFOD_URLS=https://debuginfod.ubuntu.com /usr/bin/cmake /home/cyberkanjousen/CLionProjects/ROS2_1/src/cpp_pubsub -DCMAKE_EXPORT_COMPILE_COMMANDS=ON -G Ninja -DCMAKE_INSTALL_PREFIX=/home/cyberkanjousen/CLionProjects/ROS2_1/install/cpp_pubsub
[0.190s] -- The C compiler identification is GNU 13.3.0
[0.273s] -- The CXX compiler identification is GNU 13.3.0
[0.308s] -- Detecting C compiler ABI info
[0.410s] -- Detecting C compiler ABI info - done
[0.424s] -- Check for working C compiler: /usr/bin/cc - skipped
[0.425s] -- Detecting C compile features
[0.426s] -- Detecting C compile features - done
[0.449s] -- Detecting CXX compiler ABI info
[0.552s] -- Detecting CXX compiler ABI info - done
[0.558s] -- Check for working CXX compiler: /usr/bin/c++ - skipped
[0.558s] -- Detecting CXX compile features
[0.559s] -- Detecting CXX compile features - done
[0.571s] -- Configuring incomplete, errors occurred!
[0.571s] [31mCMake Error at CMakeLists.txt:13 (find_package):
[0.571s]   By not providing "Findament_cmake.cmake" in CMAKE_MODULE_PATH this project
[0.571s]   has asked CMake to find a package configuration file provided by
[0.571s]   "ament_cmake", but CMake did not find one.
[0.572s] 
[0.572s]   Could not find a package configuration file provided by "ament_cmake" with
[0.572s]   any of the following names:
[0.572s] 
[0.572s]     ament_cmakeConfig.cmake
[0.572s]     ament_cmake-config.cmake
[0.572s] 
[0.572s]   Add the installation prefix of "ament_cmake" to CMAKE_PREFIX_PATH or set
[0.572s]   "ament_cmake_DIR" to a directory containing one of the above files.  If
[0.572s]   "ament_cmake" provides a separate development package or SDK, be sure it
[0.572s]   has been installed.
[0.572s] 
[0.572s] [0m
[0.575s] Invoked command in '/home/cyberkanjousen/CLionProjects/ROS2_1/build/cpp_pubsub' returned '1': DEBUGINFOD_URLS=https://debuginfod.ubuntu.com /usr/bin/cmake /home/cyberkanjousen/CLionProjects/ROS2_1/src/cpp_pubsub -DCMAKE_EXPORT_COMPILE_COMMANDS=ON -G Ninja -DCMAKE_INSTALL_PREFIX=/home/cyberkanjousen/CLionProjects/ROS2_1/install/cpp_pubsub
