[0.013s] Invoking command in '/home/cyberkanjousen/CLionProjects/ROS2_1/build/service_114514': CMAKE_PREFIX_PATH=${CMAKE_PREFIX_PATH}:/opt/ros/jazzy DEBUGINFOD_URLS=https://debuginfod.ubuntu.com /usr/bin/cmake --build /home/cyberkanjousen/CLionProjects/ROS2_1/build/service_114514 -- -j32 -l32
[0.025s] 
[0.026s] [0/36] Generating type hashes for ROS interfaces[K
[0.034s] [0/36] cd /home/cyberkanjousen/CLionProjects/ROS2_1/build/service_114514 && /usr/bin/cmake -E copy_directory /home/cyberkanjousen/CLionProjects/ROS2_1/build/service_114514/rosidl_generator_py/service_114514 /home/cyberkanjousen/CLionProjects/ROS2_1/build/service_114514/ament_cmake_python/service_114514/service_114514[K
[0.034s] [1/36] cd /home/cyberkanjousen/CLionProjects/ROS2_1/build/service_114514 && /usr/bin/cmake -E copy_directory /home/cyberkanjousen/CLionProjects/ROS2_1/build/service_114514/rosidl_generator_py/service_114514 /home/cyberkanjousen/CLionProjects/ROS2_1/build/service_114514/ament_cmake_python/service_114514/service_114514[K
[0.169s] [1/36] cd /home/cyberkanjousen/CLionProjects/ROS2_1/build/service_114514/ament_cmake_python/service_114514 && /usr/bin/python3 setup.py egg_info[K
[0.169s] [2/36] Generating type hashes for ROS interfaces[K
[0.169s] [2/36] Generating C code for ROS interfaces[K
[0.226s] [2/36] Generating C++ code for ROS interfaces[K
[0.226s] [3/36] cd /home/cyberkanjousen/CLionProjects/ROS2_1/build/service_114514/ament_cmake_python/service_114514 && /usr/bin/python3 setup.py egg_info[K
[0.226s] running egg_info
[0.226s] creating service_114514.egg-info
[0.226s] writing service_114514.egg-info/PKG-INFO
[0.226s] writing dependency_links to service_114514.egg-info/dependency_links.txt
[0.226s] writing top-level names to service_114514.egg-info/top_level.txt
[0.226s] writing manifest file 'service_114514.egg-info/SOURCES.txt'
[0.226s] reading manifest file 'service_114514.egg-info/SOURCES.txt'
[0.226s] writing manifest file 'service_114514.egg-info/SOURCES.txt'
[0.355s] 
[0.363s] [4/36] Generating C++ code for ROS interfaces[K
[0.363s] [5/36] Generating C code for ROS interfaces[K
[0.363s] [5/36] Building C object CMakeFiles/service_114514__rosidl_generator_c.dir/rosidl_generator_c/service_114514/srv/detail/add_two_ints__description.c.o[K
[0.364s] [5/36] Building C object CMakeFiles/service_114514__rosidl_generator_c.dir/rosidl_generator_c/service_114514/srv/detail/add_two_ints__functions.c.o[K
[0.388s] [5/36] Building C object CMakeFiles/service_114514__rosidl_generator_c.dir/rosidl_generator_c/service_114514/srv/detail/add_two_ints__type_support.c.o[K
[0.402s] [6/36] Building C object CMakeFiles/service_114514__rosidl_generator_c.dir/rosidl_generator_c/service_114514/srv/detail/add_two_ints__type_support.c.o[K
[0.429s] [7/36] Building C object CMakeFiles/service_114514__rosidl_generator_c.dir/rosidl_generator_c/service_114514/srv/detail/add_two_ints__description.c.o[K
[0.429s] [8/36] Building C object CMakeFiles/service_114514__rosidl_generator_c.dir/rosidl_generator_c/service_114514/srv/detail/add_two_ints__functions.c.o[K
[0.448s] [8/36] Linking C shared library libservice_114514__rosidl_generator_c.so[K
[0.449s] [9/36] Linking C shared library libservice_114514__rosidl_generator_c.so[K
[0.449s] [9/36] Generating C type support for eProsima Fast-RTPS[K
[0.449s] [9/36] Generating C introspection for ROS interfaces[K
[0.449s] [9/36] Generating C type support dispatch for ROS interfaces[K
[0.450s] [9/36] Generating C++ type support for eProsima Fast-RTPS[K
[0.450s] [9/36] Generating C++ introspection for ROS interfaces[K
[0.585s] [9/36] Generating C++ type support dispatch for ROS interfaces[K
[0.585s] [10/36] Generating C type support dispatch for ROS interfaces[K
[0.622s] [10/36] Building CXX object CMakeFiles/service_114514__rosidl_typesupport_c.dir/rosidl_typesupport_c/service_114514/srv/add_two_ints__type_support.cpp.o[K
[0.622s] [11/36] Building CXX object CMakeFiles/service_114514__rosidl_typesupport_c.dir/rosidl_typesupport_c/service_114514/srv/add_two_ints__type_support.cpp.o[K
[0.645s] [11/36] Linking CXX shared library libservice_114514__rosidl_typesupport_c.so[K
[0.647s] [12/36] Linking CXX shared library libservice_114514__rosidl_typesupport_c.so[K
[0.647s] [13/36] Generating C++ type support for eProsima Fast-RTPS[K
[0.659s] [13/36] Building CXX object CMakeFiles/service_114514__rosidl_typesupport_fastrtps_cpp.dir/rosidl_typesupport_fastrtps_cpp/service_114514/srv/detail/dds_fastrtps/add_two_ints__type_support.cpp.o[K
[0.659s] [14/36] Generating C++ type support dispatch for ROS interfaces[K
[0.665s] [14/36] Building CXX object CMakeFiles/service_114514__rosidl_typesupport_cpp.dir/rosidl_typesupport_cpp/service_114514/srv/add_two_ints__type_support.cpp.o[K
[0.665s] [15/36] Generating C++ introspection for ROS interfaces[K
[0.679s] [15/36] Building CXX object CMakeFiles/service_114514__rosidl_typesupport_introspection_cpp.dir/rosidl_typesupport_introspection_cpp/service_114514/srv/detail/add_two_ints__type_support.cpp.o[K
[0.679s] [16/36] Generating C introspection for ROS interfaces[K
[0.718s] [16/36] Building C object CMakeFiles/service_114514__rosidl_typesupport_introspection_c.dir/rosidl_typesupport_introspection_c/service_114514/srv/detail/add_two_ints__type_support.c.o[K
[0.718s] [17/36] Building C object CMakeFiles/service_114514__rosidl_typesupport_introspection_c.dir/rosidl_typesupport_introspection_c/service_114514/srv/detail/add_two_ints__type_support.c.o[K
[0.721s] [17/36] Linking C shared library libservice_114514__rosidl_typesupport_introspection_c.so[K
[0.721s] [18/36] Generating C type support for eProsima Fast-RTPS[K
[0.733s] [18/36] Building CXX object CMakeFiles/service_114514__rosidl_typesupport_fastrtps_c.dir/rosidl_typesupport_fastrtps_c/service_114514/srv/detail/add_two_ints__type_support_c.cpp.o[K
[1.009s] [19/36] Linking C shared library libservice_114514__rosidl_typesupport_introspection_c.so[K
[1.009s] [20/36] Building CXX object CMakeFiles/service_114514__rosidl_typesupport_fastrtps_cpp.dir/rosidl_typesupport_fastrtps_cpp/service_114514/srv/detail/dds_fastrtps/add_two_ints__type_support.cpp.o[K
[1.034s] [20/36] Linking CXX shared library libservice_114514__rosidl_typesupport_fastrtps_cpp.so[K
[1.034s] [21/36] Building CXX object CMakeFiles/service_114514__rosidl_typesupport_cpp.dir/rosidl_typesupport_cpp/service_114514/srv/add_two_ints__type_support.cpp.o[K
[1.050s] [21/36] Linking CXX shared library libservice_114514__rosidl_typesupport_cpp.so[K
[1.068s] [22/36] Linking CXX shared library libservice_114514__rosidl_typesupport_fastrtps_cpp.so[K
[1.068s] [23/36] Building CXX object CMakeFiles/service_114514__rosidl_typesupport_introspection_cpp.dir/rosidl_typesupport_introspection_cpp/service_114514/srv/detail/add_two_ints__type_support.cpp.o[K
[1.078s] [23/36] Linking CXX shared library libservice_114514__rosidl_typesupport_introspection_cpp.so[K
[1.078s] [24/36] Building CXX object CMakeFiles/service_114514__rosidl_typesupport_fastrtps_c.dir/rosidl_typesupport_fastrtps_c/service_114514/srv/detail/add_two_ints__type_support_c.cpp.o[K
[1.078s] [24/36] Linking CXX shared library libservice_114514__rosidl_typesupport_fastrtps_c.so[K
[1.100s] [25/36] Linking CXX shared library libservice_114514__rosidl_typesupport_cpp.so[K
[1.108s] [26/36] Linking CXX shared library libservice_114514__rosidl_typesupport_fastrtps_c.so[K
[1.108s] [27/36] Linking CXX shared library libservice_114514__rosidl_typesupport_introspection_cpp.so[K
[1.322s] [27/36] Generating Python code for ROS interfaces[K
[1.322s] [28/36] Generating Python code for ROS interfaces[K
[1.323s] [28/36] Building C object CMakeFiles/service_114514__rosidl_generator_py.dir/rosidl_generator_py/service_114514/srv/_add_two_ints_s.c.o[K
[1.323s] [28/36] Building C object CMakeFiles/service_114514_s__rosidl_typesupport_fastrtps_c.dir/rosidl_generator_py/service_114514/_service_114514_s.ep.rosidl_typesupport_fastrtps_c.c.o[K
[1.323s] [28/36] Building C object CMakeFiles/service_114514_s__rosidl_typesupport_introspection_c.dir/rosidl_generator_py/service_114514/_service_114514_s.ep.rosidl_typesupport_introspection_c.c.o[K
[1.399s] [28/36] Building C object CMakeFiles/service_114514_s__rosidl_typesupport_c.dir/rosidl_generator_py/service_114514/_service_114514_s.ep.rosidl_typesupport_c.c.o[K
[1.424s] [29/36] Building C object CMakeFiles/service_114514_s__rosidl_typesupport_c.dir/rosidl_generator_py/service_114514/_service_114514_s.ep.rosidl_typesupport_c.c.o[K
[1.427s] [30/36] Building C object CMakeFiles/service_114514_s__rosidl_typesupport_introspection_c.dir/rosidl_generator_py/service_114514/_service_114514_s.ep.rosidl_typesupport_introspection_c.c.o[K
[1.460s] [31/36] Building C object CMakeFiles/service_114514_s__rosidl_typesupport_fastrtps_c.dir/rosidl_generator_py/service_114514/_service_114514_s.ep.rosidl_typesupport_fastrtps_c.c.o[K
[1.460s] [32/36] Building C object CMakeFiles/service_114514__rosidl_generator_py.dir/rosidl_generator_py/service_114514/srv/_add_two_ints_s.c.o[K
[1.485s] [32/36] Linking C shared library libservice_114514__rosidl_generator_py.so[K
[1.485s] [33/36] Linking C shared library libservice_114514__rosidl_generator_py.so[K
[1.486s] [33/36] Linking C shared module rosidl_generator_py/service_114514/service_114514_s__rosidl_typesupport_fastrtps_c.so[K
[1.486s] [33/36] Linking C shared module rosidl_generator_py/service_114514/service_114514_s__rosidl_typesupport_introspection_c.so[K
[1.497s] [33/36] Linking C shared module rosidl_generator_py/service_114514/service_114514_s__rosidl_typesupport_c.so[K
[1.500s] [34/36] Linking C shared module rosidl_generator_py/service_114514/service_114514_s__rosidl_typesupport_fastrtps_c.so[K
[1.501s] [35/36] Linking C shared module rosidl_generator_py/service_114514/service_114514_s__rosidl_typesupport_introspection_c.so[K
[1.501s] [36/36] Linking C shared module rosidl_generator_py/service_114514/service_114514_s__rosidl_typesupport_c.so[K
