[0.017s] Invoking command in '/home/cyberkanjousen/CLionProjects/ROS2_1/build/gz_transport_vendor': CMAKE_PREFIX_PATH=${CMAKE_PREFIX_PATH}:/opt/ros/jazzy DEBUGINFOD_URLS=https://debuginfod.ubuntu.com /usr/bin/cmake /home/cyberkanjousen/CLionProjects/ROS2_1/src/gz_transport_vendor-jazzy -DCMAKE_EXPORT_COMPILE_COMMANDS=ON -G Ninja -DCMAKE_INSTALL_PREFIX=/home/cyberkanjousen/CLionProjects/ROS2_1/install/gz_transport_vendor
[0.030s] -- Found ament_cmake_core: 2.5.4 (/opt/ros/jazzy/share/ament_cmake_core/cmake)
[0.241s] [31mCMake Error at CMakeLists.txt:31 (find_package):
[0.241s]   By not providing "Findament_cmake_vendor_package.cmake" in
[0.241s]   CMAKE_MODULE_PATH this project has asked CMake to find a package
[0.241s]   configuration file provided by "ament_cmake_vendor_package", but CMake did
[0.241s]   not find one.
[0.242s] 
[0.242s]   Could not find a package configuration file provided by
[0.242s]   "ament_cmake_vendor_package" with any of the following names:
[0.242s] 
[0.242s]     ament_cmake_vendor_packageConfig.cmake
[0.242s]     ament_cmake_vendor_package-config.cmake
[0.242s] 
[0.242s]   Add the installation prefix of "ament_cmake_vendor_package" to
[0.242s]   CMAKE_PREFIX_PATH or set "ament_cmake_vendor_package_DIR" to a directory
[0.242s]   containing one of the above files.  If "ament_cmake_vendor_package"
[0.242s]   provides a separate development package or SDK, be sure it has been
[0.242s]   installed.
[0.242s] 
[0.242s] [0m
[0.243s] -- Configuring incomplete, errors occurred!
[0.244s] Invoked command in '/home/cyberkanjousen/CLionProjects/ROS2_1/build/gz_transport_vendor' returned '1': CMAKE_PREFIX_PATH=${CMAKE_PREFIX_PATH}:/opt/ros/jazzy DEBUGINFOD_URLS=https://debuginfod.ubuntu.com /usr/bin/cmake /home/cyberkanjousen/CLionProjects/ROS2_1/src/gz_transport_vendor-jazzy -DCMAKE_EXPORT_COMPILE_COMMANDS=ON -G Ninja -DCMAKE_INSTALL_PREFIX=/home/cyberkanjousen/CLionProjects/ROS2_1/install/gz_transport_vendor
