[0.006s] Invoking command in '/home/cyberkanjousen/CLionProjects/ROS2_1/build/cpp_pubsub': CMAKE_PREFIX_PATH=${CMAKE_PREFIX_PATH}:/opt/ros/jazzy DEBUGINFOD_URLS=https://debuginfod.ubuntu.com /usr/bin/cmake /home/cyberkanjousen/CLionProjects/ROS2_1/src/cpp_pubsub -DCMAKE_EXPORT_COMPILE_COMMANDS=ON -G Ninja -DCMAKE_INSTALL_PREFIX=/home/cyberkanjousen/CLionProjects/ROS2_1/install/cpp_pubsub
[0.110s] -- The C compiler identification is GNU 13.3.0
[0.181s] -- The CXX compiler identification is GNU 13.3.0
[0.206s] -- Detecting C compiler ABI info
[0.292s] -- Detecting C compiler ABI info - done
[0.301s] -- Check for working C compiler: /usr/bin/cc - skipped
[0.301s] -- Detecting C compile features
[0.302s] -- Detecting C compile features - done
[0.318s] -- Detecting CXX compiler ABI info
[0.406s] -- Detecting CXX compiler ABI info - done
[0.414s] -- Check for working CXX compiler: /usr/bin/c++ - skipped
[0.415s] -- Detecting CXX compile features
[0.416s] -- Detecting CXX compile features - done
[0.422s] -- Found ament_cmake: 2.5.4 (/opt/ros/jazzy/share/ament_cmake/cmake)
[0.552s] -- Found Python3: /usr/bin/python3 (found version "3.12.3") found components: Interpreter 
[0.628s] -- Found rclcpp: 28.1.12 (/opt/ros/jazzy/share/rclcpp/cmake)
[0.655s] -- Found rosidl_generator_c: 4.6.6 (/opt/ros/jazzy/share/rosidl_generator_c/cmake)
[0.663s] -- Found rosidl_generator_cpp: 4.6.6 (/opt/ros/jazzy/share/rosidl_generator_cpp/cmake)
[0.674s] -- Using all available rosidl_typesupport_c: rosidl_typesupport_fastrtps_c;rosidl_typesupport_introspection_c
[0.686s] -- Using all available rosidl_typesupport_cpp: rosidl_typesupport_fastrtps_cpp;rosidl_typesupport_introspection_cpp
[0.738s] -- Found rmw_implementation_cmake: 7.3.2 (/opt/ros/jazzy/share/rmw_implementation_cmake/cmake)
[0.740s] -- Found rmw_fastrtps_cpp: 8.4.3 (/opt/ros/jazzy/share/rmw_fastrtps_cpp/cmake)
[0.820s] -- Found OpenSSL: /usr/lib/x86_64-linux-gnu/libcrypto.so (found version "3.0.13")  
[0.847s] -- Found FastRTPS: /opt/ros/jazzy/include (Required is at least version "2.13") 
[0.875s] -- Using RMW implementation 'rmw_fastrtps_cpp' as default
[0.934s] -- Found std_msgs: 5.3.6 (/opt/ros/jazzy/share/std_msgs/cmake)
[1.013s] -- Configuring done (1.0s)
[1.022s] -- Generating done (0.0s)
[1.037s] -- Build files have been written to: /home/cyberkanjousen/CLionProjects/ROS2_1/build/cpp_pubsub
[1.046s] Invoked command in '/home/cyberkanjousen/CLionProjects/ROS2_1/build/cpp_pubsub' returned '0': CMAKE_PREFIX_PATH=${CMAKE_PREFIX_PATH}:/opt/ros/jazzy DEBUGINFOD_URLS=https://debuginfod.ubuntu.com /usr/bin/cmake /home/cyberkanjousen/CLionProjects/ROS2_1/src/cpp_pubsub -DCMAKE_EXPORT_COMPILE_COMMANDS=ON -G Ninja -DCMAKE_INSTALL_PREFIX=/home/cyberkanjousen/CLionProjects/ROS2_1/install/cpp_pubsub
[1.047s] Invoking command in '/home/cyberkanjousen/CLionProjects/ROS2_1/build/cpp_pubsub': CMAKE_PREFIX_PATH=${CMAKE_PREFIX_PATH}:/opt/ros/jazzy DEBUGINFOD_URLS=https://debuginfod.ubuntu.com /usr/bin/cmake --build /home/cyberkanjousen/CLionProjects/ROS2_1/build/cpp_pubsub -- -j32 -l32
[1.060s] 
[1.060s] [0/6] Building CXX object CMakeFiles/talker.dir/src/publisher_lambda_function.cpp.o[K
[1.061s] [0/6] Building CXX object CMakeFiles/listener.dir/src/subscriber_lambda_function.cpp.o[K
[2.702s] [0/6] Building CXX object CMakeFiles/publisher_114514.dir/src/publisher_114514.cpp.o[K
[2.703s] [1/6] Building CXX object CMakeFiles/publisher_114514.dir/src/publisher_114514.cpp.o[K
[2.802s] [1/6] Linking CXX executable publisher_114514[K
[2.802s] [2/6] Linking CXX executable publisher_114514[K
[2.802s] [31mFAILED: [0mpublisher_114514 
[2.802s] : && /usr/bin/c++   CMakeFiles/publisher_114514.dir/src/publisher_114514.cpp.o -o publisher_114514  -Wl,-rpath,/opt/ros/jazzy/lib:  /opt/ros/jazzy/lib/librclcpp.so  /opt/ros/jazzy/lib/libstd_msgs__rosidl_typesupport_fastrtps_c.so  /opt/ros/jazzy/lib/libstd_msgs__rosidl_typesupport_fastrtps_cpp.so  /opt/ros/jazzy/lib/libstd_msgs__rosidl_typesupport_introspection_c.so  /opt/ros/jazzy/lib/libstd_msgs__rosidl_typesupport_introspection_cpp.so  /opt/ros/jazzy/lib/libstd_msgs__rosidl_typesupport_cpp.so  /opt/ros/jazzy/lib/libstd_msgs__rosidl_generator_py.so  /opt/ros/jazzy/lib/liblibstatistics_collector.so  /opt/ros/jazzy/lib/librcl.so  /opt/ros/jazzy/lib/librmw_implementation.so  /opt/ros/jazzy/lib/libtype_description_interfaces__rosidl_typesupport_fastrtps_c.so  /opt/ros/jazzy/lib/libtype_description_interfaces__rosidl_typesupport_introspection_c.so  /opt/ros/jazzy/lib/libtype_description_interfaces__rosidl_typesupport_fastrtps_cpp.so  /opt/ros/jazzy/lib/libtype_description_interfaces__rosidl_typesupport_introspection_cpp.so  /opt/ros/jazzy/lib/libtype_description_interfaces__rosidl_typesupport_cpp.so  /opt/ros/jazzy/lib/libtype_description_interfaces__rosidl_generator_py.so  /opt/ros/jazzy/lib/libtype_description_interfaces__rosidl_typesupport_c.so  /opt/ros/jazzy/lib/libtype_description_interfaces__rosidl_generator_c.so  /opt/ros/jazzy/lib/librcl_interfaces__rosidl_typesupport_fastrtps_c.so  /opt/ros/jazzy/lib/librcl_interfaces__rosidl_typesupport_introspection_c.so  /opt/ros/jazzy/lib/librcl_interfaces__rosidl_typesupport_fastrtps_cpp.so  /opt/ros/jazzy/lib/librcl_interfaces__rosidl_typesupport_introspection_cpp.so  /opt/ros/jazzy/lib/librcl_interfaces__rosidl_typesupport_cpp.so  /opt/ros/jazzy/lib/librcl_interfaces__rosidl_generator_py.so  /opt/ros/jazzy/lib/librcl_interfaces__rosidl_typesupport_c.so  /opt/ros/jazzy/lib/librcl_interfaces__rosidl_generator_c.so  /opt/ros/jazzy/lib/libservice_msgs__rosidl_typesupport_fastrtps_c.so  /opt/ros/jazzy/lib/libservice_msgs__rosidl_typesupport_introspection_c.so  /opt/ros/jazzy/lib/libservice_msgs__rosidl_typesupport_fastrtps_cpp.so  /opt/ros/jazzy/lib/libservice_msgs__rosidl_typesupport_introspection_cpp.so  /opt/ros/jazzy/lib/libservice_msgs__rosidl_typesupport_cpp.so  /opt/ros/jazzy/lib/libservice_msgs__rosidl_typesupport_c.so  /opt/ros/jazzy/lib/libservice_msgs__rosidl_generator_c.so  /opt/ros/jazzy/lib/librcl_yaml_param_parser.so  /opt/ros/jazzy/lib/librosgraph_msgs__rosidl_typesupport_fastrtps_c.so  /opt/ros/jazzy/lib/librosgraph_msgs__rosidl_typesupport_fastrtps_cpp.so  /opt/ros/jazzy/lib/librosgraph_msgs__rosidl_typesupport_introspection_c.so  /opt/ros/jazzy/lib/librosgraph_msgs__rosidl_typesupport_introspection_cpp.so  /opt/ros/jazzy/lib/librosgraph_msgs__rosidl_typesupport_cpp.so  /opt/ros/jazzy/lib/librosgraph_msgs__rosidl_generator_py.so  /opt/ros/jazzy/lib/librosgraph_msgs__rosidl_typesupport_c.so  /opt/ros/jazzy/lib/librosgraph_msgs__rosidl_generator_c.so  /opt/ros/jazzy/lib/libstatistics_msgs__rosidl_typesupport_fastrtps_c.so  /opt/ros/jazzy/lib/libstatistics_msgs__rosidl_typesupport_fastrtps_cpp.so  /opt/ros/jazzy/lib/libstatistics_msgs__rosidl_typesupport_introspection_c.so  /opt/ros/jazzy/lib/libstatistics_msgs__rosidl_typesupport_introspection_cpp.so  /opt/ros/jazzy/lib/libstatistics_msgs__rosidl_typesupport_cpp.so  /opt/ros/jazzy/lib/libstatistics_msgs__rosidl_generator_py.so  /opt/ros/jazzy/lib/libstatistics_msgs__rosidl_typesupport_c.so  /opt/ros/jazzy/lib/libstatistics_msgs__rosidl_generator_c.so  /opt/ros/jazzy/lib/libtracetools.so  -llttng-ust  -llttng-ust-common  -rdynamic  -ldl  /opt/ros/jazzy/lib/librcl_logging_interface.so  /opt/ros/jazzy/lib/libstd_msgs__rosidl_typesupport_c.so  /opt/ros/jazzy/lib/libstd_msgs__rosidl_generator_c.so  /opt/ros/jazzy/lib/libbuiltin_interfaces__rosidl_typesupport_fastrtps_c.so  /opt/ros/jazzy/lib/librosidl_typesupport_fastrtps_c.so  /opt/ros/jazzy/lib/libbuiltin_interfaces__rosidl_typesupport_introspection_c.so  /opt/ros/jazzy/lib/libbuiltin_interfaces__rosidl_typesupport_fastrtps_cpp.so  /opt/ros/jazzy/lib/librosidl_typesupport_fastrtps_cpp.so  /opt/ros/jazzy/lib/librmw.so  /opt/ros/jazzy/lib/librosidl_dynamic_typesupport.so  /opt/ros/jazzy/lib/libfastcdr.so.2.2.5  /opt/ros/jazzy/lib/libbuiltin_interfaces__rosidl_typesupport_introspection_cpp.so  /opt/ros/jazzy/lib/librosidl_typesupport_introspection_cpp.so  /opt/ros/jazzy/lib/librosidl_typesupport_introspection_c.so  /opt/ros/jazzy/lib/libbuiltin_interfaces__rosidl_typesupport_cpp.so  /opt/ros/jazzy/lib/librosidl_typesupport_cpp.so  /opt/ros/jazzy/lib/libbuiltin_interfaces__rosidl_generator_py.so  /opt/ros/jazzy/lib/libbuiltin_interfaces__rosidl_typesupport_c.so  /opt/ros/jazzy/lib/libbuiltin_interfaces__rosidl_generator_c.so  /opt/ros/jazzy/lib/librosidl_typesupport_c.so  /opt/ros/jazzy/lib/librcpputils.so  /opt/ros/jazzy/lib/librosidl_runtime_c.so  /opt/ros/jazzy/lib/librcutils.so  -ldl  -Wl,-rpath-link,/opt/ros/jazzy/lib && :
[2.802s] /usr/bin/ld: /usr/lib/gcc/x86_64-linux-gnu/13/../../../x86_64-linux-gnu/Scrt1.o: in function `_start':
[2.802s] (.text+0x1b): undefined reference to `main'
[2.802s] collect2: error: ld returned 1 exit status
[3.643s] 
[5.546s] [3/6] Building CXX object CMakeFiles/talker.dir/src/publisher_lambda_function.cpp.o[K
[5.546s] [4/6] Building CXX object CMakeFiles/listener.dir/src/subscriber_lambda_function.cpp.o[K
[5.546s] ninja: build stopped: subcommand failed.
[5.548s] Invoked command in '/home/cyberkanjousen/CLionProjects/ROS2_1/build/cpp_pubsub' returned '1': CMAKE_PREFIX_PATH=${CMAKE_PREFIX_PATH}:/opt/ros/jazzy DEBUGINFOD_URLS=https://debuginfod.ubuntu.com /usr/bin/cmake --build /home/cyberkanjousen/CLionProjects/ROS2_1/build/cpp_pubsub -- -j32 -l32
