[0.018s] Invoking command in '/home/cyberkanjousen/CLionProjects/ROS2_1/build/service_114514': CMAKE_PREFIX_PATH=${CMAKE_PREFIX_PATH}:/opt/ros/jazzy DEBUGINFOD_URLS=https://debuginfod.ubuntu.com /usr/bin/cmake --build /home/cyberkanjousen/CLionProjects/ROS2_1/build/service_114514 -- -j32 -l32
[0.030s] 
[0.031s] [0/36] Generating type hashes for ROS interfaces[K
[0.037s] [0/36] cd /home/cyberkanjousen/CLionProjects/ROS2_1/build/service_114514 && /usr/bin/cmake -E copy_directory /home/cyberkanjousen/CLionProjects/ROS2_1/build/service_114514/rosidl_generator_py/service_114514 /home/cyberkanjousen/CLionProjects/ROS2_1/build/service_114514/ament_cmake_python/service_114514/service_114514[K
[0.037s] [1/36] cd /home/cyberkanjousen/CLionProjects/ROS2_1/build/service_114514 && /usr/bin/cmake -E copy_directory /home/cyberkanjousen/CLionProjects/ROS2_1/build/service_114514/rosidl_generator_py/service_114514 /home/cyberkanjousen/CLionProjects/ROS2_1/build/service_114514/ament_cmake_python/service_114514/service_114514[K
[0.167s] [1/36] cd /home/cyberkanjousen/CLionProjects/ROS2_1/build/service_114514/ament_cmake_python/service_114514 && /usr/bin/python3 setup.py egg_info[K
[0.167s] [2/36] Generating type hashes for ROS interfaces[K
[0.168s] [2/36] Generating C code for ROS interfaces[K
[0.248s] [2/36] Generating C++ code for ROS interfaces[K
[0.248s] [3/36] cd /home/cyberkanjousen/CLionProjects/ROS2_1/build/service_114514/ament_cmake_python/service_114514 && /usr/bin/python3 setup.py egg_info[K
[0.248s] running egg_info
[0.248s] creating service_114514.egg-info
[0.248s] writing service_114514.egg-info/PKG-INFO
[0.248s] writing dependency_links to service_114514.egg-info/dependency_links.txt
[0.248s] writing top-level names to service_114514.egg-info/top_level.txt
[0.248s] writing manifest file 'service_114514.egg-info/SOURCES.txt'
[0.248s] reading manifest file 'service_114514.egg-info/SOURCES.txt'
[0.248s] writing manifest file 'service_114514.egg-info/SOURCES.txt'
[0.351s] 
[0.358s] [4/36] Generating C++ code for ROS interfaces[K
[0.358s] [5/36] Generating C code for ROS interfaces[K
[0.359s] [5/36] Building C object CMakeFiles/service_114514__rosidl_generator_c.dir/rosidl_generator_c/service_114514/srv/detail/add_two_ints__description.c.o[K
[0.359s] [5/36] Building C object CMakeFiles/service_114514__rosidl_generator_c.dir/rosidl_generator_c/service_114514/srv/detail/add_two_ints__functions.c.o[K
[0.384s] [5/36] Building C object CMakeFiles/service_114514__rosidl_generator_c.dir/rosidl_generator_c/service_114514/srv/detail/add_two_ints__type_support.c.o[K
[0.389s] [6/36] Building C object CMakeFiles/service_114514__rosidl_generator_c.dir/rosidl_generator_c/service_114514/srv/detail/add_two_ints__type_support.c.o[K
[0.412s] [7/36] Building C object CMakeFiles/service_114514__rosidl_generator_c.dir/rosidl_generator_c/service_114514/srv/detail/add_two_ints__description.c.o[K
[0.412s] [8/36] Building C object CMakeFiles/service_114514__rosidl_generator_c.dir/rosidl_generator_c/service_114514/srv/detail/add_two_ints__functions.c.o[K
[0.426s] [8/36] Linking C shared library libservice_114514__rosidl_generator_c.so[K
[0.427s] [9/36] Linking C shared library libservice_114514__rosidl_generator_c.so[K
[0.427s] [9/36] Generating C type support for eProsima Fast-RTPS[K
[0.427s] [9/36] Generating C introspection for ROS interfaces[K
[0.427s] [9/36] Generating C type support dispatch for ROS interfaces[K
[0.428s] [9/36] Generating C++ type support for eProsima Fast-RTPS[K
[0.428s] [9/36] Generating C++ introspection for ROS interfaces[K
[0.576s] [9/36] Generating C++ type support dispatch for ROS interfaces[K
[0.576s] [10/36] Generating C type support dispatch for ROS interfaces[K
[0.579s] [10/36] Building CXX object CMakeFiles/service_114514__rosidl_typesupport_c.dir/rosidl_typesupport_c/service_114514/srv/add_two_ints__type_support.cpp.o[K
[0.579s] [11/36] Generating C++ type support dispatch for ROS interfaces[K
[0.597s] [11/36] Building CXX object CMakeFiles/service_114514__rosidl_typesupport_cpp.dir/rosidl_typesupport_cpp/service_114514/srv/add_two_ints__type_support.cpp.o[K
[0.597s] [12/36] Generating C introspection for ROS interfaces[K
[0.605s] [12/36] Building C object CMakeFiles/service_114514__rosidl_typesupport_introspection_c.dir/rosidl_typesupport_introspection_c/service_114514/srv/detail/add_two_ints__type_support.c.o[K
[0.606s] [13/36] Generating C++ introspection for ROS interfaces[K
[0.608s] [13/36] Building CXX object CMakeFiles/service_114514__rosidl_typesupport_introspection_cpp.dir/rosidl_typesupport_introspection_cpp/service_114514/srv/detail/add_two_ints__type_support.cpp.o[K
[0.608s] [14/36] Generating C++ type support for eProsima Fast-RTPS[K
[0.609s] [14/36] Building CXX object CMakeFiles/service_114514__rosidl_typesupport_fastrtps_cpp.dir/rosidl_typesupport_fastrtps_cpp/service_114514/srv/detail/dds_fastrtps/add_two_ints__type_support.cpp.o[K
[0.609s] [15/36] Building CXX object CMakeFiles/service_114514__rosidl_typesupport_c.dir/rosidl_typesupport_c/service_114514/srv/add_two_ints__type_support.cpp.o[K
[0.627s] [15/36] Linking CXX shared library libservice_114514__rosidl_typesupport_c.so[K
[0.630s] [16/36] Linking CXX shared library libservice_114514__rosidl_typesupport_c.so[K
[0.630s] [17/36] Building C object CMakeFiles/service_114514__rosidl_typesupport_introspection_c.dir/rosidl_typesupport_introspection_c/service_114514/srv/detail/add_two_ints__type_support.c.o[K
[0.630s] [17/36] Linking C shared library libservice_114514__rosidl_typesupport_introspection_c.so[K
[0.630s] [18/36] Generating C type support for eProsima Fast-RTPS[K
[0.642s] [18/36] Building CXX object CMakeFiles/service_114514__rosidl_typesupport_fastrtps_c.dir/rosidl_typesupport_fastrtps_c/service_114514/srv/detail/add_two_ints__type_support_c.cpp.o[K
[0.818s] [19/36] Linking C shared library libservice_114514__rosidl_typesupport_introspection_c.so[K
[0.818s] [20/36] Building CXX object CMakeFiles/service_114514__rosidl_typesupport_cpp.dir/rosidl_typesupport_cpp/service_114514/srv/add_two_ints__type_support.cpp.o[K
[0.859s] [20/36] Linking CXX shared library libservice_114514__rosidl_typesupport_cpp.so[K
[0.867s] [21/36] Linking CXX shared library libservice_114514__rosidl_typesupport_cpp.so[K
[0.868s] [22/36] Building CXX object CMakeFiles/service_114514__rosidl_typesupport_introspection_cpp.dir/rosidl_typesupport_introspection_cpp/service_114514/srv/detail/add_two_ints__type_support.cpp.o[K
[0.911s] [22/36] Linking CXX shared library libservice_114514__rosidl_typesupport_introspection_cpp.so[K
[0.957s] [23/36] Linking CXX shared library libservice_114514__rosidl_typesupport_introspection_cpp.so[K
[0.957s] [24/36] Building CXX object CMakeFiles/service_114514__rosidl_typesupport_fastrtps_c.dir/rosidl_typesupport_fastrtps_c/service_114514/srv/detail/add_two_ints__type_support_c.cpp.o[K
[0.984s] [24/36] Linking CXX shared library libservice_114514__rosidl_typesupport_fastrtps_c.so[K
[0.991s] [25/36] Linking CXX shared library libservice_114514__rosidl_typesupport_fastrtps_c.so[K
[0.991s] [26/36] Building CXX object CMakeFiles/service_114514__rosidl_typesupport_fastrtps_cpp.dir/rosidl_typesupport_fastrtps_cpp/service_114514/srv/detail/dds_fastrtps/add_two_ints__type_support.cpp.o[K
[1.031s] [26/36] Linking CXX shared library libservice_114514__rosidl_typesupport_fastrtps_cpp.so[K
[1.032s] [27/36] Linking CXX shared library libservice_114514__rosidl_typesupport_fastrtps_cpp.so[K
[1.254s] [27/36] Generating Python code for ROS interfaces[K
[1.254s] [28/36] Generating Python code for ROS interfaces[K
[1.254s] [28/36] Building C object CMakeFiles/service_114514__rosidl_generator_py.dir/rosidl_generator_py/service_114514/srv/_add_two_ints_s.c.o[K
[1.254s] [28/36] Building C object CMakeFiles/service_114514_s__rosidl_typesupport_fastrtps_c.dir/rosidl_generator_py/service_114514/_service_114514_s.ep.rosidl_typesupport_fastrtps_c.c.o[K
[1.255s] [28/36] Building C object CMakeFiles/service_114514_s__rosidl_typesupport_introspection_c.dir/rosidl_generator_py/service_114514/_service_114514_s.ep.rosidl_typesupport_introspection_c.c.o[K
[1.322s] [28/36] Building C object CMakeFiles/service_114514_s__rosidl_typesupport_c.dir/rosidl_generator_py/service_114514/_service_114514_s.ep.rosidl_typesupport_c.c.o[K
[1.322s] [29/36] Building C object CMakeFiles/service_114514_s__rosidl_typesupport_introspection_c.dir/rosidl_generator_py/service_114514/_service_114514_s.ep.rosidl_typesupport_introspection_c.c.o[K
[1.323s] [30/36] Building C object CMakeFiles/service_114514_s__rosidl_typesupport_fastrtps_c.dir/rosidl_generator_py/service_114514/_service_114514_s.ep.rosidl_typesupport_fastrtps_c.c.o[K
[1.348s] [31/36] Building C object CMakeFiles/service_114514_s__rosidl_typesupport_c.dir/rosidl_generator_py/service_114514/_service_114514_s.ep.rosidl_typesupport_c.c.o[K
[1.348s] [32/36] Building C object CMakeFiles/service_114514__rosidl_generator_py.dir/rosidl_generator_py/service_114514/srv/_add_two_ints_s.c.o[K
[1.366s] [32/36] Linking C shared library libservice_114514__rosidl_generator_py.so[K
[1.366s] [33/36] Linking C shared library libservice_114514__rosidl_generator_py.so[K
[1.367s] [33/36] Linking C shared module rosidl_generator_py/service_114514/service_114514_s__rosidl_typesupport_fastrtps_c.so[K
[1.367s] [33/36] Linking C shared module rosidl_generator_py/service_114514/service_114514_s__rosidl_typesupport_introspection_c.so[K
[1.377s] [33/36] Linking C shared module rosidl_generator_py/service_114514/service_114514_s__rosidl_typesupport_c.so[K
[1.380s] [34/36] Linking C shared module rosidl_generator_py/service_114514/service_114514_s__rosidl_typesupport_introspection_c.so[K
[1.380s] [35/36] Linking C shared module rosidl_generator_py/service_114514/service_114514_s__rosidl_typesupport_fastrtps_c.so[K
[1.380s] [36/36] Linking C shared module rosidl_generator_py/service_114514/service_114514_s__rosidl_typesupport_c.so[K
