
[0/1] Re-running CMake...[K
-- Found ament_cmake: 2.5.4 (/opt/ros/jazzy/share/ament_cmake/cmake)
-- Found rclcpp: 28.1.12 (/opt/ros/jazzy/share/rclcpp/cmake)
-- Found rosidl_generator_c: 4.6.6 (/opt/ros/jazzy/share/rosidl_generator_c/cmake)
-- Found rosidl_generator_cpp: 4.6.6 (/opt/ros/jazzy/share/rosidl_generator_cpp/cmake)
-- Using all available rosidl_typesupport_c: rosidl_typesupport_fastrtps_c;rosidl_typesupport_introspection_c
-- Using all available rosidl_typesupport_cpp: rosidl_typesupport_fastrtps_cpp;rosidl_typesupport_introspection_cpp
-- Found rmw_implementation_cmake: 7.3.2 (/opt/ros/jazzy/share/rmw_implementation_cmake/cmake)
-- Found rmw_fastrtps_cpp: 8.4.3 (/opt/ros/jazzy/share/rmw_fastrtps_cpp/cmake)
-- Using RMW implementation 'rmw_fastrtps_cpp' as default
-- Found std_msgs: 5.3.6 (/opt/ros/jazzy/share/std_msgs/cmake)
-- Found Protobuf: /usr/lib/x86_64-linux-gnu/libprotobuf.so (found version "3.21.12") 
-- Found ament_lint_auto: 0.17.3 (/opt/ros/jazzy/share/ament_lint_auto/cmake)
-- Added test 'cppcheck' to perform static code analysis on C / C++ code
-- Configured cppcheck include dirs: 
-- Configured cppcheck exclude dirs and/or files: 
-- Added test 'lint_cmake' to check CMake code style
-- Added test 'uncrustify' to check C / C++ code style
-- Configured uncrustify additional arguments: 
-- Added test 'xmllint' to check XML markup files
-- Configuring done (0.8s)
-- Generating done (0.0s)
-- Build files have been written to: /home/cyberkanjousen/CLionProjects/ROS2_1/build/sensor_robot

[0/2] Building CXX object CMakeFiles/avoid_wall.dir/src/AvoidWall.cpp.o[K
[1/2] Building CXX object CMakeFiles/avoid_wall.dir/src/AvoidWall.cpp.o[K
[1/2] Linking CXX executable avoid_wall[K
[2/2] Linking CXX executable avoid_wall[K
[31mFAILED: [0mavoid_wall 
: && /usr/bin/c++   CMakeFiles/avoid_wall.dir/src/AvoidWall.cpp.o -o avoid_wall  -Wl,-rpath,/opt/ros/jazzy/lib:/opt/ros/jazzy/opt/gz_math_vendor/lib:/opt/ros/jazzy/opt/gz_utils_vendor/lib  /opt/ros/jazzy/lib/librclcpp.so  /opt/ros/jazzy/lib/libstd_msgs__rosidl_typesupport_fastrtps_c.so  /opt/ros/jazzy/lib/libstd_msgs__rosidl_typesupport_fastrtps_cpp.so  /opt/ros/jazzy/lib/libstd_msgs__rosidl_typesupport_introspection_c.so  /opt/ros/jazzy/lib/libstd_msgs__rosidl_typesupport_introspection_cpp.so  /opt/ros/jazzy/lib/libstd_msgs__rosidl_typesupport_cpp.so  /opt/ros/jazzy/lib/libstd_msgs__rosidl_generator_py.so  /usr/lib/x86_64-linux-gnu/libgz-transport13.so.13.5.0  /usr/lib/x86_64-linux-gnu/libgz-msgs10.so.10.3.2  /opt/ros/jazzy/opt/gz_math_vendor/lib/libgz-math7.so.7.5.2  /opt/ros/jazzy/opt/gz_utils_vendor/lib/libgz-utils2.so.2.2.1  /usr/lib/x86_64-linux-gnu/libtinyxml2.so  /usr/lib/x86_64-linux-gnu/libtinyxml2.so  /usr/lib/x86_64-linux-gnu/libprotobuf.so  /usr/lib/x86_64-linux-gnu/libuuid.so  /usr/lib/x86_64-linux-gnu/libuuid.so  /opt/ros/jazzy/lib/liblibstatistics_collector.so  /opt/ros/jazzy/lib/librcl.so  /opt/ros/jazzy/lib/librmw_implementation.so  /opt/ros/jazzy/lib/libtype_description_interfaces__rosidl_typesupport_fastrtps_c.so  /opt/ros/jazzy/lib/libtype_description_interfaces__rosidl_typesupport_introspection_c.so  /opt/ros/jazzy/lib/libtype_description_interfaces__rosidl_typesupport_fastrtps_cpp.so  /opt/ros/jazzy/lib/libtype_description_interfaces__rosidl_typesupport_introspection_cpp.so  /opt/ros/jazzy/lib/libtype_description_interfaces__rosidl_typesupport_cpp.so  /opt/ros/jazzy/lib/libtype_description_interfaces__rosidl_generator_py.so  /opt/ros/jazzy/lib/libtype_description_interfaces__rosidl_typesupport_c.so  /opt/ros/jazzy/lib/libtype_description_interfaces__rosidl_generator_c.so  /opt/ros/jazzy/lib/librcl_interfaces__rosidl_typesupport_fastrtps_c.so  /opt/ros/jazzy/lib/librcl_interfaces__rosidl_typesupport_introspection_c.so  /opt/ros/jazzy/lib/librcl_interfaces__rosidl_typesupport_fastrtps_cpp.so  /opt/ros/jazzy/lib/librcl_interfaces__rosidl_typesupport_introspection_cpp.so  /opt/ros/jazzy/lib/librcl_interfaces__rosidl_typesupport_cpp.so  /opt/ros/jazzy/lib/librcl_interfaces__rosidl_generator_py.so  /opt/ros/jazzy/lib/librcl_interfaces__rosidl_typesupport_c.so  /opt/ros/jazzy/lib/librcl_interfaces__rosidl_generator_c.so  /opt/ros/jazzy/lib/libservice_msgs__rosidl_typesupport_fastrtps_c.so  /opt/ros/jazzy/lib/libservice_msgs__rosidl_typesupport_introspection_c.so  /opt/ros/jazzy/lib/libservice_msgs__rosidl_typesupport_fastrtps_cpp.so  /opt/ros/jazzy/lib/libservice_msgs__rosidl_typesupport_introspection_cpp.so  /opt/ros/jazzy/lib/libservice_msgs__rosidl_typesupport_cpp.so  /opt/ros/jazzy/lib/libservice_msgs__rosidl_typesupport_c.so  /opt/ros/jazzy/lib/libservice_msgs__rosidl_generator_c.so  /opt/ros/jazzy/lib/librcl_yaml_param_parser.so  /opt/ros/jazzy/lib/librosgraph_msgs__rosidl_typesupport_fastrtps_c.so  /opt/ros/jazzy/lib/librosgraph_msgs__rosidl_typesupport_fastrtps_cpp.so  /opt/ros/jazzy/lib/librosgraph_msgs__rosidl_typesupport_introspection_c.so  /opt/ros/jazzy/lib/librosgraph_msgs__rosidl_typesupport_introspection_cpp.so  /opt/ros/jazzy/lib/librosgraph_msgs__rosidl_typesupport_cpp.so  /opt/ros/jazzy/lib/librosgraph_msgs__rosidl_generator_py.so  /opt/ros/jazzy/lib/librosgraph_msgs__rosidl_typesupport_c.so  /opt/ros/jazzy/lib/librosgraph_msgs__rosidl_generator_c.so  /opt/ros/jazzy/lib/libstatistics_msgs__rosidl_typesupport_fastrtps_c.so  /opt/ros/jazzy/lib/libstatistics_msgs__rosidl_typesupport_fastrtps_cpp.so  /opt/ros/jazzy/lib/libstatistics_msgs__rosidl_typesupport_introspection_c.so  /opt/ros/jazzy/lib/libstatistics_msgs__rosidl_typesupport_introspection_cpp.so  /opt/ros/jazzy/lib/libstatistics_msgs__rosidl_typesupport_cpp.so  /opt/ros/jazzy/lib/libstatistics_msgs__rosidl_generator_py.so  /opt/ros/jazzy/lib/libstatistics_msgs__rosidl_typesupport_c.so  /opt/ros/jazzy/lib/libstatistics_msgs__rosidl_generator_c.so  /opt/ros/jazzy/lib/libtracetools.so  -llttng-ust  -llttng-ust-common  -rdynamic  -ldl  /opt/ros/jazzy/lib/librcl_logging_interface.so  /opt/ros/jazzy/lib/libstd_msgs__rosidl_typesupport_c.so  /opt/ros/jazzy/lib/libstd_msgs__rosidl_generator_c.so  /opt/ros/jazzy/lib/libbuiltin_interfaces__rosidl_typesupport_fastrtps_c.so  /opt/ros/jazzy/lib/librosidl_typesupport_fastrtps_c.so  /opt/ros/jazzy/lib/libbuiltin_interfaces__rosidl_typesupport_introspection_c.so  /opt/ros/jazzy/lib/libbuiltin_interfaces__rosidl_typesupport_fastrtps_cpp.so  /opt/ros/jazzy/lib/librosidl_typesupport_fastrtps_cpp.so  /opt/ros/jazzy/lib/librmw.so  /opt/ros/jazzy/lib/librosidl_dynamic_typesupport.so  /opt/ros/jazzy/lib/libfastcdr.so.2.2.5  /opt/ros/jazzy/lib/libbuiltin_interfaces__rosidl_typesupport_introspection_cpp.so  /opt/ros/jazzy/lib/librosidl_typesupport_introspection_cpp.so  /opt/ros/jazzy/lib/librosidl_typesupport_introspection_c.so  /opt/ros/jazzy/lib/libbuiltin_interfaces__rosidl_typesupport_cpp.so  /opt/ros/jazzy/lib/librosidl_typesupport_cpp.so  /opt/ros/jazzy/lib/libbuiltin_interfaces__rosidl_generator_py.so  /opt/ros/jazzy/lib/libbuiltin_interfaces__rosidl_typesupport_c.so  /opt/ros/jazzy/lib/libbuiltin_interfaces__rosidl_generator_c.so  /opt/ros/jazzy/lib/librosidl_typesupport_c.so  /opt/ros/jazzy/lib/librcpputils.so  /opt/ros/jazzy/lib/librosidl_runtime_c.so  /opt/ros/jazzy/lib/librcutils.so  -ldl  -Wl,-rpath-link,/opt/ros/jazzy/lib && :
/usr/bin/ld: /usr/lib/gcc/x86_64-linux-gnu/13/../../../x86_64-linux-gnu/Scrt1.o: in function `_start':
(.text+0x1b): undefined reference to `main'
collect2: error: ld returned 1 exit status
ninja: build stopped: subcommand failed.
