[0.010s] Invoking command in '/home/cyberkanjousen/CLionProjects/ROS2_1/build/sensor_robot': CMAKE_PREFIX_PATH=${CMAKE_PREFIX_PATH}:/opt/ros/jazzy DEBUGINFOD_URLS=https://debuginfod.ubuntu.com /usr/bin/cmake /home/cyberkanjousen/CLionProjects/ROS2_1/src/sensor_robot -DCMAKE_EXPORT_COMPILE_COMMANDS=ON -G Ninja -DCMAKE_INSTALL_PREFIX=/home/cyberkanjousen/CLionProjects/ROS2_1/install/sensor_robot
[0.125s] -- The C compiler identification is GNU 13.3.0
[0.196s] -- The CXX compiler identification is GNU 13.3.0
[0.218s] -- Detecting C compiler ABI info
[0.284s] -- Detecting C compiler ABI info - done
[0.290s] -- Check for working C compiler: /usr/bin/cc - skipped
[0.291s] -- Detecting C compile features
[0.291s] -- Detecting C compile features - done
[0.302s] -- Detecting CXX compiler ABI info
[0.376s] -- Detecting CXX compiler ABI info - done
[0.383s] -- Check for working CXX compiler: /usr/bin/c++ - skipped
[0.383s] -- Detecting CXX compile features
[0.384s] -- Detecting CXX compile features - done
[0.390s] -- Found ament_cmake: 2.5.4 (/opt/ros/jazzy/share/ament_cmake/cmake)
[0.514s] -- Found Python3: /usr/bin/python3 (found version "3.12.3") found components: Interpreter 
[0.599s] -- Found rclcpp: 28.1.12 (/opt/ros/jazzy/share/rclcpp/cmake)
[0.630s] -- Found rosidl_generator_c: 4.6.6 (/opt/ros/jazzy/share/rosidl_generator_c/cmake)
[0.643s] -- Found rosidl_generator_cpp: 4.6.6 (/opt/ros/jazzy/share/rosidl_generator_cpp/cmake)
[0.657s] -- Using all available rosidl_typesupport_c: rosidl_typesupport_fastrtps_c;rosidl_typesupport_introspection_c
[0.669s] -- Using all available rosidl_typesupport_cpp: rosidl_typesupport_fastrtps_cpp;rosidl_typesupport_introspection_cpp
[0.731s] -- Found rmw_implementation_cmake: 7.3.2 (/opt/ros/jazzy/share/rmw_implementation_cmake/cmake)
[0.733s] -- Found rmw_fastrtps_cpp: 8.4.3 (/opt/ros/jazzy/share/rmw_fastrtps_cpp/cmake)
[0.805s] -- Found OpenSSL: /usr/lib/x86_64-linux-gnu/libcrypto.so (found version "3.0.13")  
[0.828s] -- Found FastRTPS: /opt/ros/jazzy/include (Required is at least version "2.13") 
[0.850s] -- Using RMW implementation 'rmw_fastrtps_cpp' as default
[0.914s] -- Found std_msgs: 5.3.6 (/opt/ros/jazzy/share/std_msgs/cmake)
[0.926s] -- Found ament_lint_auto: 0.17.3 (/opt/ros/jazzy/share/ament_lint_auto/cmake)
[1.009s] -- Added test 'cppcheck' to perform static code analysis on C / C++ code
[1.009s] -- Configured cppcheck include dirs: 
[1.009s] -- Configured cppcheck exclude dirs and/or files: 
[1.010s] -- Added test 'lint_cmake' to check CMake code style
[1.011s] -- Added test 'uncrustify' to check C / C++ code style
[1.011s] -- Configured uncrustify additional arguments: 
[1.011s] -- Added test 'xmllint' to check XML markup files
[1.012s] -- Configuring done (1.0s)
[1.018s] -- Generating done (0.0s)
[1.027s] -- Build files have been written to: /home/cyberkanjousen/CLionProjects/ROS2_1/build/sensor_robot
[1.037s] Invoked command in '/home/cyberkanjousen/CLionProjects/ROS2_1/build/sensor_robot' returned '0': CMAKE_PREFIX_PATH=${CMAKE_PREFIX_PATH}:/opt/ros/jazzy DEBUGINFOD_URLS=https://debuginfod.ubuntu.com /usr/bin/cmake /home/cyberkanjousen/CLionProjects/ROS2_1/src/sensor_robot -DCMAKE_EXPORT_COMPILE_COMMANDS=ON -G Ninja -DCMAKE_INSTALL_PREFIX=/home/cyberkanjousen/CLionProjects/ROS2_1/install/sensor_robot
[1.038s] Invoking command in '/home/cyberkanjousen/CLionProjects/ROS2_1/build/sensor_robot': CMAKE_PREFIX_PATH=${CMAKE_PREFIX_PATH}:/opt/ros/jazzy DEBUGINFOD_URLS=https://debuginfod.ubuntu.com /usr/bin/cmake --build /home/cyberkanjousen/CLionProjects/ROS2_1/build/sensor_robot -- -j32 -l32
[1.048s] 
[1.060s] [0/2] Building CXX object CMakeFiles/avoid_wall.dir/src/AvoidWall.cpp.o[K
[1.060s] [1/2] Building CXX object CMakeFiles/avoid_wall.dir/src/AvoidWall.cpp.o[K
[1.125s] [1/2] Linking CXX executable avoid_wall[K
[1.125s] [2/2] Linking CXX executable avoid_wall[K
[1.125s] [31mFAILED: [0mavoid_wall 
[1.125s] : && /usr/bin/c++   CMakeFiles/avoid_wall.dir/src/AvoidWall.cpp.o -o avoid_wall  -Wl,-rpath,/opt/ros/jazzy/lib  /opt/ros/jazzy/lib/librclcpp.so  /opt/ros/jazzy/lib/libstd_msgs__rosidl_typesupport_fastrtps_c.so  /opt/ros/jazzy/lib/libstd_msgs__rosidl_typesupport_fastrtps_cpp.so  /opt/ros/jazzy/lib/libstd_msgs__rosidl_typesupport_introspection_c.so  /opt/ros/jazzy/lib/libstd_msgs__rosidl_typesupport_introspection_cpp.so  /opt/ros/jazzy/lib/libstd_msgs__rosidl_typesupport_cpp.so  /opt/ros/jazzy/lib/libstd_msgs__rosidl_generator_py.so  /opt/ros/jazzy/lib/liblibstatistics_collector.so  /opt/ros/jazzy/lib/librcl.so  /opt/ros/jazzy/lib/librmw_implementation.so  /opt/ros/jazzy/lib/libtype_description_interfaces__rosidl_typesupport_fastrtps_c.so  /opt/ros/jazzy/lib/libtype_description_interfaces__rosidl_typesupport_introspection_c.so  /opt/ros/jazzy/lib/libtype_description_interfaces__rosidl_typesupport_fastrtps_cpp.so  /opt/ros/jazzy/lib/libtype_description_interfaces__rosidl_typesupport_introspection_cpp.so  /opt/ros/jazzy/lib/libtype_description_interfaces__rosidl_typesupport_cpp.so  /opt/ros/jazzy/lib/libtype_description_interfaces__rosidl_generator_py.so  /opt/ros/jazzy/lib/libtype_description_interfaces__rosidl_typesupport_c.so  /opt/ros/jazzy/lib/libtype_description_interfaces__rosidl_generator_c.so  /opt/ros/jazzy/lib/librcl_interfaces__rosidl_typesupport_fastrtps_c.so  /opt/ros/jazzy/lib/librcl_interfaces__rosidl_typesupport_introspection_c.so  /opt/ros/jazzy/lib/librcl_interfaces__rosidl_typesupport_fastrtps_cpp.so  /opt/ros/jazzy/lib/librcl_interfaces__rosidl_typesupport_introspection_cpp.so  /opt/ros/jazzy/lib/librcl_interfaces__rosidl_typesupport_cpp.so  /opt/ros/jazzy/lib/librcl_interfaces__rosidl_generator_py.so  /opt/ros/jazzy/lib/librcl_interfaces__rosidl_typesupport_c.so  /opt/ros/jazzy/lib/librcl_interfaces__rosidl_generator_c.so  /opt/ros/jazzy/lib/libservice_msgs__rosidl_typesupport_fastrtps_c.so  /opt/ros/jazzy/lib/libservice_msgs__rosidl_typesupport_introspection_c.so  /opt/ros/jazzy/lib/libservice_msgs__rosidl_typesupport_fastrtps_cpp.so  /opt/ros/jazzy/lib/libservice_msgs__rosidl_typesupport_introspection_cpp.so  /opt/ros/jazzy/lib/libservice_msgs__rosidl_typesupport_cpp.so  /opt/ros/jazzy/lib/libservice_msgs__rosidl_typesupport_c.so  /opt/ros/jazzy/lib/libservice_msgs__rosidl_generator_c.so  /opt/ros/jazzy/lib/librcl_yaml_param_parser.so  /opt/ros/jazzy/lib/librosgraph_msgs__rosidl_typesupport_fastrtps_c.so  /opt/ros/jazzy/lib/librosgraph_msgs__rosidl_typesupport_fastrtps_cpp.so  /opt/ros/jazzy/lib/librosgraph_msgs__rosidl_typesupport_introspection_c.so  /opt/ros/jazzy/lib/librosgraph_msgs__rosidl_typesupport_introspection_cpp.so  /opt/ros/jazzy/lib/librosgraph_msgs__rosidl_typesupport_cpp.so  /opt/ros/jazzy/lib/librosgraph_msgs__rosidl_generator_py.so  /opt/ros/jazzy/lib/librosgraph_msgs__rosidl_typesupport_c.so  /opt/ros/jazzy/lib/librosgraph_msgs__rosidl_generator_c.so  /opt/ros/jazzy/lib/libstatistics_msgs__rosidl_typesupport_fastrtps_c.so  /opt/ros/jazzy/lib/libstatistics_msgs__rosidl_typesupport_fastrtps_cpp.so  /opt/ros/jazzy/lib/libstatistics_msgs__rosidl_typesupport_introspection_c.so  /opt/ros/jazzy/lib/libstatistics_msgs__rosidl_typesupport_introspection_cpp.so  /opt/ros/jazzy/lib/libstatistics_msgs__rosidl_typesupport_cpp.so  /opt/ros/jazzy/lib/libstatistics_msgs__rosidl_generator_py.so  /opt/ros/jazzy/lib/libstatistics_msgs__rosidl_typesupport_c.so  /opt/ros/jazzy/lib/libstatistics_msgs__rosidl_generator_c.so  /opt/ros/jazzy/lib/libtracetools.so  -llttng-ust  -llttng-ust-common  -rdynamic  -ldl  /opt/ros/jazzy/lib/librcl_logging_interface.so  /opt/ros/jazzy/lib/libstd_msgs__rosidl_typesupport_c.so  /opt/ros/jazzy/lib/libstd_msgs__rosidl_generator_c.so  /opt/ros/jazzy/lib/libbuiltin_interfaces__rosidl_typesupport_fastrtps_c.so  /opt/ros/jazzy/lib/librosidl_typesupport_fastrtps_c.so  /opt/ros/jazzy/lib/libbuiltin_interfaces__rosidl_typesupport_introspection_c.so  /opt/ros/jazzy/lib/libbuiltin_interfaces__rosidl_typesupport_fastrtps_cpp.so  /opt/ros/jazzy/lib/librosidl_typesupport_fastrtps_cpp.so  /opt/ros/jazzy/lib/librmw.so  /opt/ros/jazzy/lib/librosidl_dynamic_typesupport.so  /opt/ros/jazzy/lib/libfastcdr.so.2.2.5  /opt/ros/jazzy/lib/libbuiltin_interfaces__rosidl_typesupport_introspection_cpp.so  /opt/ros/jazzy/lib/librosidl_typesupport_introspection_cpp.so  /opt/ros/jazzy/lib/librosidl_typesupport_introspection_c.so  /opt/ros/jazzy/lib/libbuiltin_interfaces__rosidl_typesupport_cpp.so  /opt/ros/jazzy/lib/librosidl_typesupport_cpp.so  /opt/ros/jazzy/lib/libbuiltin_interfaces__rosidl_generator_py.so  /opt/ros/jazzy/lib/libbuiltin_interfaces__rosidl_typesupport_c.so  /opt/ros/jazzy/lib/libbuiltin_interfaces__rosidl_generator_c.so  /opt/ros/jazzy/lib/librosidl_typesupport_c.so  /opt/ros/jazzy/lib/librcpputils.so  /opt/ros/jazzy/lib/librosidl_runtime_c.so  /opt/ros/jazzy/lib/librcutils.so  -ldl  -Wl,-rpath-link,/opt/ros/jazzy/lib && :
[1.125s] /usr/bin/ld: /usr/lib/gcc/x86_64-linux-gnu/13/../../../x86_64-linux-gnu/Scrt1.o: in function `_start':
[1.125s] (.text+0x1b): undefined reference to `main'
[1.125s] collect2: error: ld returned 1 exit status
[1.125s] ninja: build stopped: subcommand failed.
[1.127s] Invoked command in '/home/cyberkanjousen/CLionProjects/ROS2_1/build/sensor_robot' returned '1': CMAKE_PREFIX_PATH=${CMAKE_PREFIX_PATH}:/opt/ros/jazzy DEBUGINFOD_URLS=https://debuginfod.ubuntu.com /usr/bin/cmake --build /home/cyberkanjousen/CLionProjects/ROS2_1/build/sensor_robot -- -j32 -l32
