[0.006s] Invoking command in '/home/cyberkanjousen/CLionProjects/ROS2_1/build/cpp_srvcli': CMAKE_PREFIX_PATH=/home/cyberkanjousen/CLionProjects/ROS2_1/install/service_114514:/home/cyberkanjousen/CLionProjects/ROS2_1/install/cpp_srvcli:/home/cyberkanjousen/CLionProjects/ROS2_1/install/sensor_robot:/home/cyberkanjousen/CLionProjects/ROS2_1/install/learning_tf2_cpp:/home/cyberkanjousen/CLionProjects/ROS2_1/install/cpp_pubsub:/opt/ros/jazzy/opt/gz_math_vendor:/opt/ros/jazzy/opt/gz_utils_vendor:/opt/ros/jazzy/opt/gz_cmake_vendor:/opt/ros/jazzy DEBUGINFOD_URLS=https://debuginfod.ubuntu.com /usr/bin/cmake --build /home/cyberkanjousen/CLionProjects/ROS2_1/build/cpp_srvcli -- -j32 -l32
[0.021s] ninja: no work to do.
[0.028s] Invoked command in '/home/cyberkanjousen/CLionProjects/ROS2_1/build/cpp_srvcli' returned '0': CMAKE_PREFIX_PATH=/home/cyberkanjousen/CLionProjects/ROS2_1/install/service_114514:/home/cyberkanjousen/CLionProjects/ROS2_1/install/cpp_srvcli:/home/cyberkanjousen/CLionProjects/ROS2_1/install/sensor_robot:/home/cyberkanjousen/CLionProjects/ROS2_1/install/learning_tf2_cpp:/home/cyberkanjousen/CLionProjects/ROS2_1/install/cpp_pubsub:/opt/ros/jazzy/opt/gz_math_vendor:/opt/ros/jazzy/opt/gz_utils_vendor:/opt/ros/jazzy/opt/gz_cmake_vendor:/opt/ros/jazzy DEBUGINFOD_URLS=https://debuginfod.ubuntu.com /usr/bin/cmake --build /home/cyberkanjousen/CLionProjects/ROS2_1/build/cpp_srvcli -- -j32 -l32
[0.029s] Invoking command in '/home/cyberkanjousen/CLionProjects/ROS2_1/build/cpp_srvcli': CMAKE_PREFIX_PATH=/home/cyberkanjousen/CLionProjects/ROS2_1/install/service_114514:/home/cyberkanjousen/CLionProjects/ROS2_1/install/cpp_srvcli:/home/cyberkanjousen/CLionProjects/ROS2_1/install/sensor_robot:/home/cyberkanjousen/CLionProjects/ROS2_1/install/learning_tf2_cpp:/home/cyberkanjousen/CLionProjects/ROS2_1/install/cpp_pubsub:/opt/ros/jazzy/opt/gz_math_vendor:/opt/ros/jazzy/opt/gz_utils_vendor:/opt/ros/jazzy/opt/gz_cmake_vendor:/opt/ros/jazzy DEBUGINFOD_URLS=https://debuginfod.ubuntu.com /usr/bin/cmake --install /home/cyberkanjousen/CLionProjects/ROS2_1/build/cpp_srvcli
[0.038s] -- Install configuration: ""
[0.038s] -- Up-to-date: /home/cyberkanjousen/CLionProjects/ROS2_1/install/cpp_srvcli/lib/cpp_srvcli/server_114514
[0.038s] -- Up-to-date: /home/cyberkanjousen/CLionProjects/ROS2_1/install/cpp_srvcli/lib/cpp_srvcli/client_114514
[0.038s] -- Up-to-date: /home/cyberkanjousen/CLionProjects/ROS2_1/install/cpp_srvcli/share/ament_index/resource_index/package_run_dependencies/cpp_srvcli
[0.039s] -- Up-to-date: /home/cyberkanjousen/CLionProjects/ROS2_1/install/cpp_srvcli/share/ament_index/resource_index/parent_prefix_path/cpp_srvcli
[0.039s] -- Up-to-date: /home/cyberkanjousen/CLionProjects/ROS2_1/install/cpp_srvcli/share/cpp_srvcli/environment/ament_prefix_path.sh
[0.039s] -- Up-to-date: /home/cyberkanjousen/CLionProjects/ROS2_1/install/cpp_srvcli/share/cpp_srvcli/environment/ament_prefix_path.dsv
[0.039s] -- Up-to-date: /home/cyberkanjousen/CLionProjects/ROS2_1/install/cpp_srvcli/share/cpp_srvcli/environment/path.sh
[0.039s] -- Up-to-date: /home/cyberkanjousen/CLionProjects/ROS2_1/install/cpp_srvcli/share/cpp_srvcli/environment/path.dsv
[0.039s] -- Up-to-date: /home/cyberkanjousen/CLionProjects/ROS2_1/install/cpp_srvcli/share/cpp_srvcli/local_setup.bash
[0.039s] -- Up-to-date: /home/cyberkanjousen/CLionProjects/ROS2_1/install/cpp_srvcli/share/cpp_srvcli/local_setup.sh
[0.039s] -- Up-to-date: /home/cyberkanjousen/CLionProjects/ROS2_1/install/cpp_srvcli/share/cpp_srvcli/local_setup.zsh
[0.039s] -- Up-to-date: /home/cyberkanjousen/CLionProjects/ROS2_1/install/cpp_srvcli/share/cpp_srvcli/local_setup.dsv
[0.039s] -- Installing: /home/cyberkanjousen/CLionProjects/ROS2_1/install/cpp_srvcli/share/cpp_srvcli/package.dsv
[0.039s] -- Up-to-date: /home/cyberkanjousen/CLionProjects/ROS2_1/install/cpp_srvcli/share/ament_index/resource_index/packages/cpp_srvcli
[0.040s] -- Up-to-date: /home/cyberkanjousen/CLionProjects/ROS2_1/install/cpp_srvcli/share/cpp_srvcli/cmake/cpp_srvcliConfig.cmake
[0.040s] -- Up-to-date: /home/cyberkanjousen/CLionProjects/ROS2_1/install/cpp_srvcli/share/cpp_srvcli/cmake/cpp_srvcliConfig-version.cmake
[0.040s] -- Up-to-date: /home/cyberkanjousen/CLionProjects/ROS2_1/install/cpp_srvcli/share/cpp_srvcli/package.xml
[0.041s] Invoked command in '/home/cyberkanjousen/CLionProjects/ROS2_1/build/cpp_srvcli' returned '0': CMAKE_PREFIX_PATH=/home/cyberkanjousen/CLionProjects/ROS2_1/install/service_114514:/home/cyberkanjousen/CLionProjects/ROS2_1/install/cpp_srvcli:/home/cyberkanjousen/CLionProjects/ROS2_1/install/sensor_robot:/home/cyberkanjousen/CLionProjects/ROS2_1/install/learning_tf2_cpp:/home/cyberkanjousen/CLionProjects/ROS2_1/install/cpp_pubsub:/opt/ros/jazzy/opt/gz_math_vendor:/opt/ros/jazzy/opt/gz_utils_vendor:/opt/ros/jazzy/opt/gz_cmake_vendor:/opt/ros/jazzy DEBUGINFOD_URLS=https://debuginfod.ubuntu.com /usr/bin/cmake --install /home/cyberkanjousen/CLionProjects/ROS2_1/build/cpp_srvcli
