-- Found ament_cmake: 2.5.4 (/opt/ros/jazzy/share/ament_cmake/cmake)
-- Found Python3: /usr/bin/python3 (found version "3.12.3") found components: Interpreter 
-- Found rclcpp: 28.1.12 (/opt/ros/jazzy/share/rclcpp/cmake)
-- Found rosidl_generator_c: 4.6.6 (/opt/ros/jazzy/share/rosidl_generator_c/cmake)
-- Found rosidl_generator_cpp: 4.6.6 (/opt/ros/jazzy/share/rosidl_generator_cpp/cmake)
-- Using all available rosidl_typesupport_c: rosidl_typesupport_fastrtps_c;rosidl_typesupport_introspection_c
-- Using all available rosidl_typesupport_cpp: rosidl_typesupport_fastrtps_cpp;rosidl_typesupport_introspection_cpp
-- Found rmw_implementation_cmake: 7.3.2 (/opt/ros/jazzy/share/rmw_implementation_cmake/cmake)
-- Found rmw_fastrtps_cpp: 8.4.3 (/opt/ros/jazzy/share/rmw_fastrtps_cpp/cmake)
-- Found OpenSSL: /usr/lib/x86_64-linux-gnu/libcrypto.so (found version "3.0.13")  
-- Found FastRTPS: /opt/ros/jazzy/include (Required is at least version "2.13") 
-- Using RMW implementation 'rmw_fastrtps_cpp' as default
-- Found std_msgs: 5.3.6 (/opt/ros/jazzy/share/std_msgs/cmake)
-- Configuring done (0.8s)
-- Generating done (0.0s)
-- Build files have been written to: /home/cyberkanjousen/CLionProjects/ROS2_1/build/cpp_pubsub

[0/8] Building CXX object CMakeFiles/talker.dir/src/publisher_lambda_function.cpp.o[K
[0/8] Building CXX object CMakeFiles/listener.dir/src/subscriber_lambda_function.cpp.o[K
[0/8] Building CXX object CMakeFiles/publisher_114514.dir/src/publisher_114514.cpp.o[K
[0/8] Building CXX object CMakeFiles/subscriber_114514.dir/src/subscriber_114514.cpp.o[K
[1/8] Building CXX object CMakeFiles/subscriber_114514.dir/src/subscriber_114514.cpp.o[K
[31mFAILED: [0mCMakeFiles/subscriber_114514.dir/src/subscriber_114514.cpp.o 
/usr/bin/c++ -DDEFAULT_RMW_IMPLEMENTATION=rmw_fastrtps_cpp -DFASTCDR_DYN_LINK -isystem /opt/ros/jazzy/include/rclcpp -isystem /opt/ros/jazzy/include/std_msgs -isystem /opt/ros/jazzy/include/builtin_interfaces -isystem /opt/ros/jazzy/include/rosidl_runtime_c -isystem /opt/ros/jazzy/include/rcutils -isystem /opt/ros/jazzy/include/rosidl_typesupport_interface -isystem /opt/ros/jazzy/include/fastcdr -isystem /opt/ros/jazzy/include/rosidl_runtime_cpp -isystem /opt/ros/jazzy/include/rosidl_typesupport_fastrtps_cpp -isystem /opt/ros/jazzy/include/rmw -isystem /opt/ros/jazzy/include/rosidl_dynamic_typesupport -isystem /opt/ros/jazzy/include/rosidl_typesupport_fastrtps_c -isystem /opt/ros/jazzy/include/rosidl_typesupport_introspection_c -isystem /opt/ros/jazzy/include/rosidl_typesupport_introspection_cpp -isystem /opt/ros/jazzy/include/libstatistics_collector -isystem /opt/ros/jazzy/include/rcl -isystem /opt/ros/jazzy/include/rcl_interfaces -isystem /opt/ros/jazzy/include/service_msgs -isystem /opt/ros/jazzy/include/rcl_logging_interface -isystem /opt/ros/jazzy/include/rcl_yaml_param_parser -isystem /opt/ros/jazzy/include/type_description_interfaces -isystem /opt/ros/jazzy/include/rcpputils -isystem /opt/ros/jazzy/include/statistics_msgs -isystem /opt/ros/jazzy/include/rosgraph_msgs -isystem /opt/ros/jazzy/include/rosidl_typesupport_cpp -isystem /opt/ros/jazzy/include/rosidl_typesupport_c -isystem /opt/ros/jazzy/include/tracetools -std=gnu++17 -Wall -Wextra -Wpedantic -MD -MT CMakeFiles/subscriber_114514.dir/src/subscriber_114514.cpp.o -MF CMakeFiles/subscriber_114514.dir/src/subscriber_114514.cpp.o.d -o CMakeFiles/subscriber_114514.dir/src/subscriber_114514.cpp.o -c /home/cyberkanjousen/CLionProjects/ROS2_1/src/cpp_pubsub/src/subscriber_114514.cpp
/home/cyberkanjousen/CLionProjects/ROS2_1/src/cpp_pubsub/src/subscriber_114514.cpp:9:34: error: ‘rclcpp’ has not been declared
    9 | class Subscriber_114514 : public rclcpp::Node {
      |                                  ^~~~~~
/home/cyberkanjousen/CLionProjects/ROS2_1/src/cpp_pubsub/src/subscriber_114514.cpp:9:42: error: expected ‘{’ before ‘Node’
    9 | class Subscriber_114514 : public rclcpp::Node {
      |                                          ^~~~
/home/cyberkanjousen/CLionProjects/ROS2_1/src/cpp_pubsub/src/subscriber_114514.cpp:10:1: error: expected primary-expression before ‘public’
   10 | public:
      | ^~~~~~
/home/cyberkanjousen/CLionProjects/ROS2_1/src/cpp_pubsub/src/subscriber_114514.cpp:10:1: error: expected ‘}’ before ‘public’
/home/cyberkanjousen/CLionProjects/ROS2_1/src/cpp_pubsub/src/subscriber_114514.cpp:9:47: note: to match this ‘{’
    9 | class Subscriber_114514 : public rclcpp::Node {
      |                                               ^
/home/cyberkanjousen/CLionProjects/ROS2_1/src/cpp_pubsub/src/subscriber_114514.cpp:12:1: error: expected declaration before ‘}’ token
   12 | };
      | ^

[2/8] Building CXX object CMakeFiles/talker.dir/src/publisher_lambda_function.cpp.o[K
[3/8] Building CXX object CMakeFiles/publisher_114514.dir/src/publisher_114514.cpp.o[K
[4/8] Building CXX object CMakeFiles/listener.dir/src/subscriber_lambda_function.cpp.o[K
ninja: build stopped: subcommand failed.
